#
# There is insufficient memory for the Java Runtime Environment to continue.
# Native memory allocation (malloc) failed to allocate 1208184 bytes. Error detail: Chunk::new
# Possible reasons:
#   The system is out of physical RAM or swap space
#   This process is running with CompressedOops enabled, and the Java Heap may be blocking the growth of the native heap
# Possible solutions:
#   Reduce memory load on the system
#   Increase physical memory or swap space
#   Check if swap backing store is full
#   Decrease Java heap size (-Xmx/-Xms)
#   Decrease number of Java threads
#   Decrease Java thread stack sizes (-Xss)
#   Set larger code cache with -XX:ReservedCodeCacheSize=
#   JVM is running with Zero Based Compressed Oops mode in which the Java heap is
#     placed in the first 32GB address space. The Java Heap base address is the
#     maximum limit for the native heap growth. Please use -XX:HeapBaseMinAddress
#     to set the Java Heap base and to place the Java Heap above 32GB virtual address.
# This output file may be truncated or incomplete.
#
#  Out of Memory Error (arena.cpp:193), pid=24092, tid=24596
#
# JRE version: OpenJDK Runtime Environment (26.0.1+8) (build 26.0.1+8-34)
# Java VM: OpenJDK 64-Bit Server VM (26.0.1+8-34, mixed mode, sharing, tiered, compressed oops, compressed class ptrs, g1 gc, windows-amd64)
# No core dump will be written. Minidumps are not enabled by default on client versions of Windows
#

---------------  S U M M A R Y ------------

Command Line: --enable-native-access=ALL-UNNAMED -Dfile.encoding=UTF-8 -Dclassworlds.conf=C:\Users\vu.phamtuan\.m2\wrapper\dists\apache-maven-3.9.16\0daed3be3ebd1c706f0e69e8b07c6b73f5cc4ea3dfce72a8d0ec2e849ca2ddb0\bin\m2.conf -Dmaven.home=C:\Users\vu.phamtuan\.m2\wrapper\dists\apache-maven-3.9.16\0daed3be3ebd1c706f0e69e8b07c6b73f5cc4ea3dfce72a8d0ec2e849ca2ddb0 -Dlibrary.jansi.path=C:\Users\vu.phamtuan\.m2\wrapper\dists\apache-maven-3.9.16\0daed3be3ebd1c706f0e69e8b07c6b73f5cc4ea3dfce72a8d0ec2e849ca2ddb0\lib\jansi-native -Dmaven.multiModuleProjectDirectory=D:\Code\crm\crm org.codehaus.plexus.classworlds.launcher.Launcher -Didea.version=2026.2.0.1 -Dmaven.ext.class.path=C:\Users\vu.phamtuan\AppData\Local\Programs\IntelliJ IDEA\plugins\maven-plugin\lib\intellij.maven.rt\maven-event-listener.jar -Djansi.passthrough=true -Dstyle.color=always -Dmaven.repo.local=C:\Users\vu.phamtuan\.m2\repository install -f pom.xml

Host: Intel(R) Core(TM) i7-8700 CPU @ 3.20GHz, 12 cores, 15G,  Windows 11 , 64 bit Build 22621 (10.0.22621.5415)
Time: Thu Aug 13 08:30:59 2026 SE Asia Standard Time elapsed time: 27.415100 seconds (0d 0h 0m 27s)

---------------  T H R E A D  ---------------

Current thread (0x000001f3872849a0):  JavaThread "C2 CompilerThread0" daemon [_thread_in_native, id=24596, stack(0x0000000969100000,0x0000000969200000) (1024K)]


Current CompileTask:
C2:27415 13107   !   4       java.net.URLClassLoader::findClass (77 bytes)

Stack: [0x0000000969100000,0x0000000969200000]
Native frames: (J=compiled Java code, j=interpreted, Vv=VM code, C=native code)
V  [jvm.dll+0x7d5879]  (no source info available)
V  [jvm.dll+0x7a37dd]  (no source info available)
V  [jvm.dll+0x9b0c10]  (no source info available)
V  [jvm.dll+0x9b3061]  (no source info available)
V  [jvm.dll+0x9b3773]  (no source info available)
V  [jvm.dll+0x30df76]  (no source info available)
V  [jvm.dll+0x11d8a6]  (no source info available)
V  [jvm.dll+0x11dbce]  (no source info available)
V  [jvm.dll+0x396721]  (no source info available)
V  [jvm.dll+0x6ed929]  (no source info available)
V  [jvm.dll+0x2da90a]  (no source info available)
V  [jvm.dll+0x2dacff]  (no source info available)
V  [jvm.dll+0x2d2f4d]  (no source info available)
V  [jvm.dll+0x2d04cd]  (no source info available)
V  [jvm.dll+0x246820]  (no source info available)
V  [jvm.dll+0x2e06dc]  (no source info available)
V  [jvm.dll+0x2de8bd]  (no source info available)
V  [jvm.dll+0x4a3ff1]  (no source info available)
V  [jvm.dll+0x94f649]  (no source info available)
V  [jvm.dll+0x7d7358]  (no source info available)
C  [ucrtbase.dll+0x29333]  (no source info available)
C  [KERNEL32.DLL+0x1259d]  (no source info available)
C  [ntdll.dll+0x5af78]  (no source info available)

Lock stack of current Java thread (top to bottom):


---------------  P R O C E S S  ---------------

Threads class SMR info:
_java_thread_list=0x000001f38e108560, length=18, elements={
0x000001f3e4a05870, 0x000001f387269b30, 0x000001f38726a2e0, 0x000001f38726c6c0,
0x000001f38726ce70, 0x000001f38726d620, 0x000001f387277f20, 0x000001f3872849a0,
0x000001f3872851a0, 0x000001f3873caa40, 0x000001f3873ec690, 0x000001f38ce40b00,
0x000001f38d9b9470, 0x000001f38d9babe0, 0x000001f38d9bd2f0, 0x000001f38ce5dbb0,
0x000001f38d22e460, 0x000001f38d22dc90
}

Java Threads: ( => current thread )
  0x000001f3e4a05870 JavaThread "main"                              [_thread_in_native, id=14296, stack(0x0000000968200000,0x0000000968300000) (1024K)]
  0x000001f387269b30 JavaThread "Reference Handler"          daemon [_thread_blocked, id=20608, stack(0x0000000968b00000,0x0000000968c00000) (1024K)]
  0x000001f38726a2e0 JavaThread "Finalizer"                  daemon [_thread_blocked, id=25752, stack(0x0000000968c00000,0x0000000968d00000) (1024K)]
  0x000001f38726c6c0 JavaThread "Signal Dispatcher"          daemon [_thread_blocked, id=14744, stack(0x0000000968d00000,0x0000000968e00000) (1024K)]
  0x000001f38726ce70 JavaThread "Attach Listener"            daemon [_thread_blocked, id=7308, stack(0x0000000968e00000,0x0000000968f00000) (1024K)]
  0x000001f38726d620 JavaThread "Service Thread"             daemon [_thread_blocked, id=33448, stack(0x0000000968f00000,0x0000000969000000) (1024K)]
  0x000001f387277f20 JavaThread "Monitor Deflation Thread"   daemon [_thread_blocked, id=24084, stack(0x0000000969000000,0x0000000969100000) (1024K)]
=>0x000001f3872849a0 JavaThread "C2 CompilerThread0"         daemon [_thread_in_native, id=24596, stack(0x0000000969100000,0x0000000969200000) (1024K)]
  0x000001f3872851a0 JavaThread "C1 CompilerThread0"         daemon [_thread_blocked, id=26276, stack(0x0000000969200000,0x0000000969300000) (1024K)]
  0x000001f3873caa40 JavaThread "Notification Thread"        daemon [_thread_blocked, id=23476, stack(0x0000000969300000,0x0000000969400000) (1024K)]
  0x000001f3873ec690 JavaThread "Common-Cleaner"             daemon [_thread_blocked, id=11504, stack(0x0000000969400000,0x0000000969500000) (1024K)]
  0x000001f38ce40b00 JavaThread "Thread-1"                   daemon [_thread_blocked, id=11188, stack(0x0000000969c00000,0x0000000969d00000) (1024K)]
  0x000001f38d9b9470 JavaThread "timeout-check-timer"        daemon [_thread_blocked, id=36636, stack(0x0000000969700000,0x0000000969800000) (1024K)]
  0x000001f38d9babe0 JavaThread "ping-timer-10s"             daemon [_thread_blocked, id=6312, stack(0x000000096a300000,0x000000096a400000) (1024K)]
  0x000001f38d9bd2f0 JavaThread "ThreadedStreamConsumer"     daemon [_thread_blocked, id=33808, stack(0x000000096a400000,0x000000096a500000) (1024K)]
  0x000001f38ce5dbb0 JavaThread "fork-1-err-thread"          daemon [_thread_in_native, id=10208, stack(0x000000096a500000,0x000000096a600000) (1024K)]
  0x000001f38d22e460 JavaThread "commands-fork-1"            daemon [_thread_blocked, id=35148, stack(0x000000096a600000,0x000000096a700000) (1024K)]
  0x000001f38d22dc90 JavaThread "fork-1-event-thread"        daemon [_thread_in_native, id=7924, stack(0x000000096a700000,0x000000096a800000) (1024K)]
Total: 18

Other Threads:
  0x000001f387258210 VMThread "VM Thread"                           [id=9772, stack(0x0000000968a00000,0x0000000968b00000) (1024K)]
  0x000001f3871200d0 WatcherThread "VM Periodic Task Thread"        [id=7176, stack(0x0000000968900000,0x0000000968a00000) (1024K)]
  0x000001f3e6d2e890 WorkerThread "GC Thread#0"                     [id=31380, stack(0x0000000968300000,0x0000000968400000) (1024K)]
  0x000001f38c1a8930 WorkerThread "GC Thread#1"                     [id=9788, stack(0x0000000969500000,0x0000000969600000) (1024K)]
  0x000001f38c7add30 WorkerThread "GC Thread#2"                     [id=13452, stack(0x0000000969800000,0x0000000969900000) (1024K)]
  0x000001f38c166820 WorkerThread "GC Thread#3"                     [id=13988, stack(0x0000000969900000,0x0000000969a00000) (1024K)]
  0x000001f38ced02c0 WorkerThread "GC Thread#4"                     [id=15780, stack(0x0000000969600000,0x0000000969700000) (1024K)]
  0x000001f38ced06e0 WorkerThread "GC Thread#5"                     [id=12416, stack(0x0000000969a00000,0x0000000969b00000) (1024K)]
  0x000001f38ced0b00 WorkerThread "GC Thread#6"                     [id=24844, stack(0x0000000969b00000,0x0000000969c00000) (1024K)]
  0x000001f38cc4cce0 WorkerThread "GC Thread#7"                     [id=16300, stack(0x0000000969d00000,0x0000000969e00000) (1024K)]
  0x000001f38cc4c440 WorkerThread "GC Thread#8"                     [id=5220, stack(0x0000000969e00000,0x0000000969f00000) (1024K)]
  0x000001f38cc4a610 WorkerThread "GC Thread#9"                     [id=27992, stack(0x0000000969f00000,0x000000096a000000) (1024K)]
  0x000001f3e6d477d0 ConcurrentGCThread "G1 Main Marker"            [id=16000, stack(0x0000000968400000,0x0000000968500000) (1024K)]
  0x000001f3e6d48af0 WorkerThread "G1 Conc#0"                       [id=14924, stack(0x0000000968500000,0x0000000968600000) (1024K)]
  0x000001f38d52b410 WorkerThread "G1 Conc#1"                       [id=35384, stack(0x000000096a000000,0x000000096a100000) (1024K)]
  0x000001f38d52c9a0 WorkerThread "G1 Conc#2"                       [id=19292, stack(0x000000096a100000,0x000000096a200000) (1024K)]
  0x000001f3e6d8e040 WorkerThread "G1 Refinement Workers#0"         [id=36504, stack(0x0000000968700000,0x0000000968800000) (1024K)]
  0x000001f3e6d8d480 ConcurrentGCThread "G1 Refine Control"         [id=24280, stack(0x0000000968600000,0x0000000968700000) (1024K)]
  0x000001f3e6d8ebb0 ConcurrentGCThread "G1 Service"                [id=2800, stack(0x0000000968800000,0x0000000968900000) (1024K)]
Total: 19

Threads with active compile tasks:
C2 CompilerThread0  27501 13107   !   4       java.net.URLClassLoader::findClass (77 bytes)
Total: 1

VM state: not at safepoint (normal execution)

VM Mutex/Monitor currently owned by a thread: None

Heap address: 0x0000000702000000, size: 4064 MB, Compressed Oops mode: Zero based, Oop shift amount: 3

CDS archive(s) mapped at: [0x0000000014000000-0x0000000014de0000-0x0000000014de0000), size 14548992, SharedBaseAddress: 0x0000000014000000, ArchiveRelocationMode: 1.
Compressed class space mapped at: 0x0000000015000000-0x0000000055000000, reserved size: 1073741824
UseCompressedClassPointers 1, UseCompactObjectHeaders 0
Narrow klass pointer bits 32, Max shift 3
Narrow klass base: 0x0000000014000000, Narrow klass shift: 0
Encoding Range: [0x0000000014000000 - 0x0000000114000000), (4294967296 bytes)
Klass Range:    [0x0000000014000000 - 0x0000000055000000), (1090519040 bytes)
Klass ID Range:  [8 - 1090519033) (1090519025)
Protection zone: [0x0000000014000000 - 0x0000000014010000), (65536 bytes)

GC Precious Log:
 CardTable entry size: 512
 Card Set container configuration: InlinePtr #cards 4 size 8 Array Of Cards #cards 16 size 48 Howl #buckets 8 coarsen threshold 3686 Howl Bitmap #cards 512 size 80 coarsen threshold 460 Card regions per heap region 1 cards per card region 4096
 CPUs: 12 total, 12 available
 Memory: 16255M
 Large Page Support: Disabled
 NUMA Support: Disabled
 Compressed Oops: Enabled (Zero based)
 Heap Region Size: 2M
 Heap Min Capacity: 8M
 Heap Initial Capacity: 8M
 Heap Max Capacity: 4064M
 Pre-touch: Disabled
 Parallel Workers: 10
 Concurrent Workers: 3
 Concurrent Refinement Workers: 10
 Periodic GC: Disabled

Heap:
 garbage-first heap   total reserved 4161536K, committed 325632K, used 148993K [0x0000000702000000, 0x0000000800000000)
  region size 2M, 32 eden (64M), 12 survivor (24M), 28 old (56M), 2 humongous (4M), 85 free (170M)

Heap Regions: E=young(eden), S=young(survivor), O=old, HS=humongous(starts), HC=humongous(continues), CS=collection set, F=free, TAMS=top-at-mark-start, PB=parsable bottom
|    0|0x0000000702000000, 0x0000000702200000, 0x0000000702200000|100%| O|  |TAMS 0x0000000702000000| PB 0x0000000702000000| Untracked |  0
|    1|0x0000000702200000, 0x0000000702400000, 0x0000000702400000|100%| O|  |TAMS 0x0000000702200000| PB 0x0000000702200000| Untracked |  0
|    2|0x0000000702400000, 0x0000000702600000, 0x0000000702600000|100%| O|  |TAMS 0x0000000702400000| PB 0x0000000702400000| Untracked |  0
|    3|0x0000000702600000, 0x0000000702800000, 0x0000000702800000|100%| O|  |TAMS 0x0000000702600000| PB 0x0000000702600000| Untracked |  0
|    4|0x0000000702800000, 0x0000000702a00000, 0x0000000702a00000|100%|HS|  |TAMS 0x0000000702800000| PB 0x0000000702800000| Complete  |  0
|    5|0x0000000702a00000, 0x0000000702c00000, 0x0000000702c00000|100%| O|  |TAMS 0x0000000702a00000| PB 0x0000000702a00000| Untracked |  0
|    6|0x0000000702c00000, 0x0000000702e00000, 0x0000000702e00000|100%| O|  |TAMS 0x0000000702c00000| PB 0x0000000702c00000| Untracked |  0
|    7|0x0000000702e00000, 0x0000000703000000, 0x0000000703000000|100%| O|  |TAMS 0x0000000702e00000| PB 0x0000000702e00000| Untracked |  0
|    8|0x0000000703000000, 0x0000000703200000, 0x0000000703200000|100%| O|  |TAMS 0x0000000703000000| PB 0x0000000703000000| Untracked |  0
|    9|0x0000000703200000, 0x0000000703400000, 0x0000000703400000|100%| O|  |TAMS 0x0000000703200000| PB 0x0000000703200000| Untracked |  0
|   10|0x0000000703400000, 0x0000000703600000, 0x0000000703600000|100%| O|  |TAMS 0x0000000703400000| PB 0x0000000703400000| Untracked |  0
|   11|0x0000000703600000, 0x0000000703800000, 0x0000000703800000|100%| O|  |TAMS 0x0000000703600000| PB 0x0000000703600000| Untracked |  0
|   12|0x0000000703800000, 0x0000000703a00000, 0x0000000703a00000|100%| O|  |TAMS 0x0000000703800000| PB 0x0000000703800000| Untracked |  0
|   13|0x0000000703a00000, 0x0000000703c00000, 0x0000000703c00000|100%| O|  |TAMS 0x0000000703a00000| PB 0x0000000703a00000| Untracked |  0
|   14|0x0000000703c00000, 0x0000000703e00000, 0x0000000703e00000|100%| O|  |TAMS 0x0000000703c00000| PB 0x0000000703c00000| Untracked |  0
|   15|0x0000000703e00000, 0x0000000704000000, 0x0000000704000000|100%| O|  |TAMS 0x0000000703e00000| PB 0x0000000703e00000| Untracked |  0
|   16|0x0000000704000000, 0x0000000704200000, 0x0000000704200000|100%| O|  |TAMS 0x0000000704000000| PB 0x0000000704000000| Untracked |  0
|   17|0x0000000704200000, 0x0000000704400000, 0x0000000704400000|100%| O|  |TAMS 0x0000000704200000| PB 0x0000000704200000| Untracked |  0
|   18|0x0000000704400000, 0x0000000704600000, 0x0000000704600000|100%|HS|  |TAMS 0x0000000704400000| PB 0x0000000704400000| Complete  |  0
|   19|0x0000000704600000, 0x0000000704800000, 0x0000000704800000|100%| O|  |TAMS 0x0000000704600000| PB 0x0000000704600000| Untracked |  0
|   20|0x0000000704800000, 0x0000000704a00000, 0x0000000704a00000|100%| O|  |TAMS 0x0000000704800000| PB 0x0000000704800000| Untracked |  0
|   21|0x0000000704a00000, 0x0000000704c00000, 0x0000000704c00000|100%| O|  |TAMS 0x0000000704a00000| PB 0x0000000704a00000| Untracked |  0
|   22|0x0000000704c00000, 0x0000000704e00000, 0x0000000704e00000|100%| O|  |TAMS 0x0000000704c00000| PB 0x0000000704c00000| Untracked |  0
|   23|0x0000000704e00000, 0x0000000705000000, 0x0000000705000000|100%| O|  |TAMS 0x0000000704e00000| PB 0x0000000704e00000| Untracked |  0
|   24|0x0000000705000000, 0x0000000705200000, 0x0000000705200000|100%| O|  |TAMS 0x0000000705000000| PB 0x0000000705000000| Untracked |  0
|   25|0x0000000705200000, 0x0000000705400000, 0x0000000705400000|100%| O|  |TAMS 0x0000000705200000| PB 0x0000000705200000| Untracked |  0
|   26|0x0000000705400000, 0x0000000705600000, 0x0000000705600000|100%| O|  |TAMS 0x0000000705400000| PB 0x0000000705400000| Untracked |  0
|   27|0x0000000705600000, 0x00000007057805a8, 0x0000000705800000| 75%| O|  |TAMS 0x0000000705600000| PB 0x0000000705600000| Untracked |  0
|   28|0x0000000705800000, 0x0000000705800000, 0x0000000705a00000|  0%| F|  |TAMS 0x0000000705800000| PB 0x0000000705800000| Untracked |  0
|   29|0x0000000705a00000, 0x0000000705a00000, 0x0000000705c00000|  0%| F|  |TAMS 0x0000000705a00000| PB 0x0000000705a00000| Untracked |  0
|   30|0x0000000705c00000, 0x0000000705c00000, 0x0000000705e00000|  0%| F|  |TAMS 0x0000000705c00000| PB 0x0000000705c00000| Untracked |  0
|   31|0x0000000705e00000, 0x0000000705e00000, 0x0000000706000000|  0%| F|  |TAMS 0x0000000705e00000| PB 0x0000000705e00000| Untracked |  0
|   32|0x0000000706000000, 0x0000000706000000, 0x0000000706200000|  0%| F|  |TAMS 0x0000000706000000| PB 0x0000000706000000| Untracked |  0
|   33|0x0000000706200000, 0x0000000706200000, 0x0000000706400000|  0%| F|  |TAMS 0x0000000706200000| PB 0x0000000706200000| Untracked |  0
|   34|0x0000000706400000, 0x0000000706400000, 0x0000000706600000|  0%| F|  |TAMS 0x0000000706400000| PB 0x0000000706400000| Untracked |  0
|   35|0x0000000706600000, 0x0000000706600000, 0x0000000706800000|  0%| F|  |TAMS 0x0000000706600000| PB 0x0000000706600000| Untracked |  0
|   36|0x0000000706800000, 0x0000000706800000, 0x0000000706a00000|  0%| F|  |TAMS 0x0000000706800000| PB 0x0000000706800000| Untracked |  0
|   37|0x0000000706a00000, 0x0000000706a00000, 0x0000000706c00000|  0%| F|  |TAMS 0x0000000706a00000| PB 0x0000000706a00000| Untracked |  0
|   38|0x0000000706c00000, 0x0000000706c00000, 0x0000000706e00000|  0%| F|  |TAMS 0x0000000706c00000| PB 0x0000000706c00000| Untracked |  0
|   39|0x0000000706e00000, 0x0000000706e00000, 0x0000000707000000|  0%| F|  |TAMS 0x0000000706e00000| PB 0x0000000706e00000| Untracked |  0
|   40|0x0000000707000000, 0x0000000707000000, 0x0000000707200000|  0%| F|  |TAMS 0x0000000707000000| PB 0x0000000707000000| Untracked |  0
|   41|0x0000000707200000, 0x0000000707200000, 0x0000000707400000|  0%| F|  |TAMS 0x0000000707200000| PB 0x0000000707200000| Untracked |  0
|   42|0x0000000707400000, 0x0000000707400000, 0x0000000707600000|  0%| F|  |TAMS 0x0000000707400000| PB 0x0000000707400000| Untracked |  0
|   43|0x0000000707600000, 0x0000000707600000, 0x0000000707800000|  0%| F|  |TAMS 0x0000000707600000| PB 0x0000000707600000| Untracked |  0
|   44|0x0000000707800000, 0x0000000707800000, 0x0000000707a00000|  0%| F|  |TAMS 0x0000000707800000| PB 0x0000000707800000| Untracked |  0
|   45|0x0000000707a00000, 0x0000000707a00000, 0x0000000707c00000|  0%| F|  |TAMS 0x0000000707a00000| PB 0x0000000707a00000| Untracked |  0
|   46|0x0000000707c00000, 0x0000000707c00000, 0x0000000707e00000|  0%| F|  |TAMS 0x0000000707c00000| PB 0x0000000707c00000| Untracked |  0
|   47|0x0000000707e00000, 0x0000000707e00000, 0x0000000708000000|  0%| F|  |TAMS 0x0000000707e00000| PB 0x0000000707e00000| Untracked |  0
|   48|0x0000000708000000, 0x0000000708000000, 0x0000000708200000|  0%| F|  |TAMS 0x0000000708000000| PB 0x0000000708000000| Untracked |  0
|   49|0x0000000708200000, 0x0000000708200000, 0x0000000708400000|  0%| F|  |TAMS 0x0000000708200000| PB 0x0000000708200000| Untracked |  0
|   50|0x0000000708400000, 0x0000000708600000, 0x0000000708600000|100%| S|CS|TAMS 0x0000000708400000| PB 0x0000000708400000| Complete  |  0
|   51|0x0000000708600000, 0x0000000708800000, 0x0000000708800000|100%| S|CS|TAMS 0x0000000708600000| PB 0x0000000708600000| Complete  |  0
|   52|0x0000000708800000, 0x0000000708a00000, 0x0000000708a00000|100%| S|CS|TAMS 0x0000000708800000| PB 0x0000000708800000| Complete  |  0
|   53|0x0000000708a00000, 0x0000000708c00000, 0x0000000708c00000|100%| S|CS|TAMS 0x0000000708a00000| PB 0x0000000708a00000| Complete  |  0
|   54|0x0000000708c00000, 0x0000000708e00000, 0x0000000708e00000|100%| S|CS|TAMS 0x0000000708c00000| PB 0x0000000708c00000| Complete  |  0
|   55|0x0000000708e00000, 0x0000000709000000, 0x0000000709000000|100%| S|CS|TAMS 0x0000000708e00000| PB 0x0000000708e00000| Complete  |  0
|   56|0x0000000709000000, 0x0000000709200000, 0x0000000709200000|100%| S|CS|TAMS 0x0000000709000000| PB 0x0000000709000000| Complete  |  0
|   57|0x0000000709200000, 0x0000000709200000, 0x0000000709400000|  0%| F|  |TAMS 0x0000000709200000| PB 0x0000000709200000| Untracked |  0
|   58|0x0000000709400000, 0x0000000709400000, 0x0000000709600000|  0%| F|  |TAMS 0x0000000709400000| PB 0x0000000709400000| Untracked |  0
|   59|0x0000000709600000, 0x0000000709600000, 0x0000000709800000|  0%| F|  |TAMS 0x0000000709600000| PB 0x0000000709600000| Untracked |  0
|   60|0x0000000709800000, 0x0000000709800000, 0x0000000709a00000|  0%| F|  |TAMS 0x0000000709800000| PB 0x0000000709800000| Untracked |  0
|   61|0x0000000709a00000, 0x0000000709c00000, 0x0000000709c00000|100%| S|CS|TAMS 0x0000000709a00000| PB 0x0000000709a00000| Complete  |  0
|   62|0x0000000709c00000, 0x0000000709e00000, 0x0000000709e00000|100%| S|CS|TAMS 0x0000000709c00000| PB 0x0000000709c00000| Complete  |  0
|   63|0x0000000709e00000, 0x000000070a000000, 0x000000070a000000|100%| S|CS|TAMS 0x0000000709e00000| PB 0x0000000709e00000| Complete  |  0
|   64|0x000000070a000000, 0x000000070a200000, 0x000000070a200000|100%| S|CS|TAMS 0x000000070a000000| PB 0x000000070a000000| Complete  |  0
|   65|0x000000070a200000, 0x000000070a200000, 0x000000070a400000|  0%| F|  |TAMS 0x000000070a200000| PB 0x000000070a200000| Untracked |  0
|   66|0x000000070a400000, 0x000000070a600000, 0x000000070a600000|100%| S|CS|TAMS 0x000000070a400000| PB 0x000000070a400000| Complete  |  0
|   67|0x000000070a600000, 0x000000070a600000, 0x000000070a800000|  0%| F|  |TAMS 0x000000070a600000| PB 0x000000070a600000| Untracked |  0
|   68|0x000000070a800000, 0x000000070a800000, 0x000000070aa00000|  0%| F|  |TAMS 0x000000070a800000| PB 0x000000070a800000| Untracked |  0
|   69|0x000000070aa00000, 0x000000070aa00000, 0x000000070ac00000|  0%| F|  |TAMS 0x000000070aa00000| PB 0x000000070aa00000| Untracked |  0
|   70|0x000000070ac00000, 0x000000070ac00000, 0x000000070ae00000|  0%| F|  |TAMS 0x000000070ac00000| PB 0x000000070ac00000| Untracked |  0
|   71|0x000000070ae00000, 0x000000070ae00000, 0x000000070b000000|  0%| F|  |TAMS 0x000000070ae00000| PB 0x000000070ae00000| Untracked |  0
|   72|0x000000070b000000, 0x000000070b000000, 0x000000070b200000|  0%| F|  |TAMS 0x000000070b000000| PB 0x000000070b000000| Untracked |  0
|   73|0x000000070b200000, 0x000000070b200000, 0x000000070b400000|  0%| F|  |TAMS 0x000000070b200000| PB 0x000000070b200000| Untracked |  0
|   74|0x000000070b400000, 0x000000070b400000, 0x000000070b600000|  0%| F|  |TAMS 0x000000070b400000| PB 0x000000070b400000| Untracked |  0
|   75|0x000000070b600000, 0x000000070b600000, 0x000000070b800000|  0%| F|  |TAMS 0x000000070b600000| PB 0x000000070b600000| Untracked |  0
|   76|0x000000070b800000, 0x000000070b800000, 0x000000070ba00000|  0%| F|  |TAMS 0x000000070b800000| PB 0x000000070b800000| Untracked |  0
|   77|0x000000070ba00000, 0x000000070ba00000, 0x000000070bc00000|  0%| F|  |TAMS 0x000000070ba00000| PB 0x000000070ba00000| Untracked |  0
|   78|0x000000070bc00000, 0x000000070bc00000, 0x000000070be00000|  0%| F|  |TAMS 0x000000070bc00000| PB 0x000000070bc00000| Untracked |  0
|   79|0x000000070be00000, 0x000000070be00000, 0x000000070c000000|  0%| F|  |TAMS 0x000000070be00000| PB 0x000000070be00000| Untracked |  0
|   80|0x000000070c000000, 0x000000070c000000, 0x000000070c200000|  0%| F|  |TAMS 0x000000070c000000| PB 0x000000070c000000| Untracked |  0
|   81|0x000000070c200000, 0x000000070c200000, 0x000000070c400000|  0%| F|  |TAMS 0x000000070c200000| PB 0x000000070c200000| Untracked |  0
|   82|0x000000070c400000, 0x000000070c400000, 0x000000070c600000|  0%| F|  |TAMS 0x000000070c400000| PB 0x000000070c400000| Untracked |  0
|   83|0x000000070c600000, 0x000000070c600000, 0x000000070c800000|  0%| F|  |TAMS 0x000000070c600000| PB 0x000000070c600000| Untracked |  0
|   84|0x000000070c800000, 0x000000070c800000, 0x000000070ca00000|  0%| F|  |TAMS 0x000000070c800000| PB 0x000000070c800000| Untracked |  0
|   85|0x000000070ca00000, 0x000000070ca00000, 0x000000070cc00000|  0%| F|  |TAMS 0x000000070ca00000| PB 0x000000070ca00000| Untracked |  0
|   86|0x000000070cc00000, 0x000000070cc00000, 0x000000070ce00000|  0%| F|  |TAMS 0x000000070cc00000| PB 0x000000070cc00000| Untracked |  0
|   87|0x000000070ce00000, 0x000000070ce00000, 0x000000070d000000|  0%| F|  |TAMS 0x000000070ce00000| PB 0x000000070ce00000| Untracked |  0
|   88|0x000000070d000000, 0x000000070d000000, 0x000000070d200000|  0%| F|  |TAMS 0x000000070d000000| PB 0x000000070d000000| Untracked |  0
|   89|0x000000070d200000, 0x000000070d200000, 0x000000070d400000|  0%| F|  |TAMS 0x000000070d200000| PB 0x000000070d200000| Untracked |  0
|   90|0x000000070d400000, 0x000000070d400000, 0x000000070d600000|  0%| F|  |TAMS 0x000000070d400000| PB 0x000000070d400000| Untracked |  0
|   91|0x000000070d600000, 0x000000070d600000, 0x000000070d800000|  0%| F|  |TAMS 0x000000070d600000| PB 0x000000070d600000| Untracked |  0
|   92|0x000000070d800000, 0x000000070d800000, 0x000000070da00000|  0%| F|  |TAMS 0x000000070d800000| PB 0x000000070d800000| Untracked |  0
|   93|0x000000070da00000, 0x000000070da00000, 0x000000070dc00000|  0%| F|  |TAMS 0x000000070da00000| PB 0x000000070da00000| Untracked |  0
|   94|0x000000070dc00000, 0x000000070dc00000, 0x000000070de00000|  0%| F|  |TAMS 0x000000070dc00000| PB 0x000000070dc00000| Untracked |  0
|   95|0x000000070de00000, 0x000000070de00000, 0x000000070e000000|  0%| F|  |TAMS 0x000000070de00000| PB 0x000000070de00000| Untracked |  0
|   96|0x000000070e000000, 0x000000070e000000, 0x000000070e200000|  0%| F|  |TAMS 0x000000070e000000| PB 0x000000070e000000| Untracked |  0
|   97|0x000000070e200000, 0x000000070e200000, 0x000000070e400000|  0%| F|  |TAMS 0x000000070e200000| PB 0x000000070e200000| Untracked |  0
|   98|0x000000070e400000, 0x000000070e400000, 0x000000070e600000|  0%| F|  |TAMS 0x000000070e400000| PB 0x000000070e400000| Untracked |  0
|   99|0x000000070e600000, 0x000000070e600000, 0x000000070e800000|  0%| F|  |TAMS 0x000000070e600000| PB 0x000000070e600000| Untracked |  0
|  100|0x000000070e800000, 0x000000070e800000, 0x000000070ea00000|  0%| F|  |TAMS 0x000000070e800000| PB 0x000000070e800000| Untracked |  0
|  101|0x000000070ea00000, 0x000000070ea00000, 0x000000070ec00000|  0%| F|  |TAMS 0x000000070ea00000| PB 0x000000070ea00000| Untracked |  0
|  102|0x000000070ec00000, 0x000000070ec00000, 0x000000070ee00000|  0%| F|  |TAMS 0x000000070ec00000| PB 0x000000070ec00000| Untracked |  0
|  103|0x000000070ee00000, 0x000000070ee00000, 0x000000070f000000|  0%| F|  |TAMS 0x000000070ee00000| PB 0x000000070ee00000| Untracked |  0
|  104|0x000000070f000000, 0x000000070f000000, 0x000000070f200000|  0%| F|  |TAMS 0x000000070f000000| PB 0x000000070f000000| Untracked |  0
|  105|0x000000070f200000, 0x000000070f200000, 0x000000070f400000|  0%| F|  |TAMS 0x000000070f200000| PB 0x000000070f200000| Untracked |  0
|  106|0x000000070f400000, 0x000000070f400000, 0x000000070f600000|  0%| F|  |TAMS 0x000000070f400000| PB 0x000000070f400000| Untracked |  0
|  107|0x000000070f600000, 0x000000070f600000, 0x000000070f800000|  0%| F|  |TAMS 0x000000070f600000| PB 0x000000070f600000| Untracked |  0
|  108|0x000000070f800000, 0x000000070f800000, 0x000000070fa00000|  0%| F|  |TAMS 0x000000070f800000| PB 0x000000070f800000| Untracked |  0
|  109|0x000000070fa00000, 0x000000070fa00000, 0x000000070fc00000|  0%| F|  |TAMS 0x000000070fa00000| PB 0x000000070fa00000| Untracked |  0
|  110|0x000000070fc00000, 0x000000070fc00000, 0x000000070fe00000|  0%| F|  |TAMS 0x000000070fc00000| PB 0x000000070fc00000| Untracked |  0
|  111|0x000000070fe00000, 0x000000070fe00000, 0x0000000710000000|  0%| F|  |TAMS 0x000000070fe00000| PB 0x000000070fe00000| Untracked |  0
|  112|0x0000000710000000, 0x0000000710000000, 0x0000000710200000|  0%| F|  |TAMS 0x0000000710000000| PB 0x0000000710000000| Untracked |  0
|  113|0x0000000710200000, 0x0000000710200000, 0x0000000710400000|  0%| F|  |TAMS 0x0000000710200000| PB 0x0000000710200000| Untracked |  0
|  114|0x0000000710400000, 0x0000000710400000, 0x0000000710600000|  0%| F|  |TAMS 0x0000000710400000| PB 0x0000000710400000| Untracked |  0
|  115|0x0000000710600000, 0x0000000710600000, 0x0000000710800000|  0%| F|  |TAMS 0x0000000710600000| PB 0x0000000710600000| Untracked |  0
|  116|0x0000000710800000, 0x0000000710800000, 0x0000000710a00000|  0%| F|  |TAMS 0x0000000710800000| PB 0x0000000710800000| Untracked |  0
|  117|0x0000000710a00000, 0x0000000710a00000, 0x0000000710c00000|  0%| F|  |TAMS 0x0000000710a00000| PB 0x0000000710a00000| Untracked |  0
|  118|0x0000000710c00000, 0x0000000710c00000, 0x0000000710e00000|  0%| F|  |TAMS 0x0000000710c00000| PB 0x0000000710c00000| Untracked |  0
|  119|0x0000000710e00000, 0x0000000710e00000, 0x0000000711000000|  0%| F|  |TAMS 0x0000000710e00000| PB 0x0000000710e00000| Untracked |  0
|  120|0x0000000711000000, 0x0000000711000000, 0x0000000711200000|  0%| F|  |TAMS 0x0000000711000000| PB 0x0000000711000000| Untracked |  0
|  121|0x0000000711200000, 0x0000000711200000, 0x0000000711400000|  0%| F|  |TAMS 0x0000000711200000| PB 0x0000000711200000| Untracked |  0
|  122|0x0000000711400000, 0x0000000711400000, 0x0000000711600000|  0%| F|  |TAMS 0x0000000711400000| PB 0x0000000711400000| Untracked |  0
|  123|0x0000000711600000, 0x0000000711600000, 0x0000000711800000|  0%| F|  |TAMS 0x0000000711600000| PB 0x0000000711600000| Untracked |  0
|  124|0x0000000711800000, 0x0000000711800000, 0x0000000711a00000|  0%| F|  |TAMS 0x0000000711800000| PB 0x0000000711800000| Untracked |  0
|  125|0x0000000711a00000, 0x0000000711c00000, 0x0000000711c00000|100%| E|CS|TAMS 0x0000000711a00000| PB 0x0000000711a00000| Complete  |  0
|  126|0x0000000711c00000, 0x0000000711e00000, 0x0000000711e00000|100%| E|CS|TAMS 0x0000000711c00000| PB 0x0000000711c00000| Complete  |  0
|  127|0x0000000711e00000, 0x0000000712000000, 0x0000000712000000|100%| E|CS|TAMS 0x0000000711e00000| PB 0x0000000711e00000| Complete  |  0
|  128|0x0000000712000000, 0x0000000712200000, 0x0000000712200000|100%| E|CS|TAMS 0x0000000712000000| PB 0x0000000712000000| Complete  |  0
|  129|0x0000000712200000, 0x0000000712400000, 0x0000000712400000|100%| E|CS|TAMS 0x0000000712200000| PB 0x0000000712200000| Complete  |  0
|  130|0x0000000712400000, 0x0000000712600000, 0x0000000712600000|100%| E|CS|TAMS 0x0000000712400000| PB 0x0000000712400000| Complete  |  0
|  131|0x0000000712600000, 0x0000000712800000, 0x0000000712800000|100%| E|CS|TAMS 0x0000000712600000| PB 0x0000000712600000| Complete  |  0
|  132|0x0000000712800000, 0x0000000712a00000, 0x0000000712a00000|100%| E|CS|TAMS 0x0000000712800000| PB 0x0000000712800000| Complete  |  0
|  133|0x0000000712a00000, 0x0000000712c00000, 0x0000000712c00000|100%| E|CS|TAMS 0x0000000712a00000| PB 0x0000000712a00000| Complete  |  0
|  134|0x0000000712c00000, 0x0000000712e00000, 0x0000000712e00000|100%| E|CS|TAMS 0x0000000712c00000| PB 0x0000000712c00000| Complete  |  0
|  135|0x0000000712e00000, 0x0000000713000000, 0x0000000713000000|100%| E|CS|TAMS 0x0000000712e00000| PB 0x0000000712e00000| Complete  |  0
|  136|0x0000000713000000, 0x0000000713200000, 0x0000000713200000|100%| E|CS|TAMS 0x0000000713000000| PB 0x0000000713000000| Complete  |  0
|  137|0x0000000713200000, 0x0000000713400000, 0x0000000713400000|100%| E|CS|TAMS 0x0000000713200000| PB 0x0000000713200000| Complete  |  0
|  138|0x0000000713400000, 0x0000000713600000, 0x0000000713600000|100%| E|CS|TAMS 0x0000000713400000| PB 0x0000000713400000| Complete  |  0
|  139|0x0000000713600000, 0x0000000713800000, 0x0000000713800000|100%| E|CS|TAMS 0x0000000713600000| PB 0x0000000713600000| Complete  |  0
|  140|0x0000000713800000, 0x0000000713a00000, 0x0000000713a00000|100%| E|CS|TAMS 0x0000000713800000| PB 0x0000000713800000| Complete  |  0
|  141|0x0000000713a00000, 0x0000000713c00000, 0x0000000713c00000|100%| E|CS|TAMS 0x0000000713a00000| PB 0x0000000713a00000| Complete  |  0
|  142|0x0000000713c00000, 0x0000000713e00000, 0x0000000713e00000|100%| E|CS|TAMS 0x0000000713c00000| PB 0x0000000713c00000| Complete  |  0
|  143|0x0000000713e00000, 0x0000000714000000, 0x0000000714000000|100%| E|CS|TAMS 0x0000000713e00000| PB 0x0000000713e00000| Complete  |  0
|  144|0x0000000714000000, 0x0000000714200000, 0x0000000714200000|100%| E|CS|TAMS 0x0000000714000000| PB 0x0000000714000000| Complete  |  0
|  145|0x0000000714200000, 0x0000000714400000, 0x0000000714400000|100%| E|CS|TAMS 0x0000000714200000| PB 0x0000000714200000| Complete  |  0
|  146|0x0000000714400000, 0x0000000714600000, 0x0000000714600000|100%| E|CS|TAMS 0x0000000714400000| PB 0x0000000714400000| Complete  |  0
|  147|0x0000000714600000, 0x0000000714800000, 0x0000000714800000|100%| E|CS|TAMS 0x0000000714600000| PB 0x0000000714600000| Complete  |  0
|  148|0x0000000714800000, 0x0000000714a00000, 0x0000000714a00000|100%| E|CS|TAMS 0x0000000714800000| PB 0x0000000714800000| Complete  |  0
|  149|0x0000000714a00000, 0x0000000714c00000, 0x0000000714c00000|100%| E|CS|TAMS 0x0000000714a00000| PB 0x0000000714a00000| Complete  |  0
|  150|0x0000000714c00000, 0x0000000714e00000, 0x0000000714e00000|100%| E|CS|TAMS 0x0000000714c00000| PB 0x0000000714c00000| Complete  |  0
|  151|0x0000000714e00000, 0x0000000715000000, 0x0000000715000000|100%| E|CS|TAMS 0x0000000714e00000| PB 0x0000000714e00000| Complete  |  0
|  152|0x0000000715000000, 0x0000000715200000, 0x0000000715200000|100%| E|CS|TAMS 0x0000000715000000| PB 0x0000000715000000| Complete  |  0
|  153|0x0000000715200000, 0x0000000715400000, 0x0000000715400000|100%| E|CS|TAMS 0x0000000715200000| PB 0x0000000715200000| Complete  |  0
|  154|0x0000000715400000, 0x0000000715600000, 0x0000000715600000|100%| E|CS|TAMS 0x0000000715400000| PB 0x0000000715400000| Complete  |  0
|  155|0x0000000715600000, 0x0000000715800000, 0x0000000715800000|100%| E|CS|TAMS 0x0000000715600000| PB 0x0000000715600000| Complete  |  0
| 2029|0x00000007ffa00000, 0x00000007ffc00000, 0x00000007ffc00000|100%| O|  |TAMS 0x00000007ffa00000| PB 0x00000007ffa00000| Untracked |  0
| 2030|0x00000007ffc00000, 0x00000007ffe00000, 0x00000007ffe00000|100%| O|  |TAMS 0x00000007ffc00000| PB 0x00000007ffc00000| Untracked |  0
| 2031|0x00000007ffe00000, 0x0000000800000000, 0x0000000800000000|100%| E|CS|TAMS 0x00000007ffe00000| PB 0x00000007ffe00000| Complete  |  0

Card table byte_map: [0x000001f380000000,0x000001f3807f0000] _byte_map_base: 0x000001f37c7f0000
Refinement table byte_map: [0x000001f3ff6e0000,0x000001f3ffed0000] _byte_map_base: 0x000001f3fbed0000

Marking Bits: (CMBitMap*) 0x000001f3e6d2f010
 Bits: [0x000001f3807f0000, 0x000001f384770000)

Polling page: 0x000001f3e4b70000

Metaspace:
Metaspace        used 44041K, committed 44544K, reserved 1114112K
 class space     used 5176K, committed 5376K, reserved 1048576K

Usage:
  Non-class:     37.95 MB used.
      Class:      5.05 MB used.
       Both:     43.01 MB used.

Virtual space:
  Non-class space:       64.00 MB reserved,      38.25 MB ( 60%) committed,  1 nodes.
      Class space:        1.00 GB reserved,       5.25 MB ( <1%) committed,  1 nodes.
             Both:        1.06 GB reserved,      43.50 MB (  4%) committed. 

Chunk freelists:
   Non-Class:  9.42 MB
       Class:  10.77 MB
        Both:  20.19 MB

MaxMetaspaceSize: unlimited
CompressedClassSpaceSize: 1.00 GB
Initial GC threshold: 21.00 MB
Current GC threshold: 55.12 MB
CDS: on
 - commit_granule_bytes: 65536.
 - commit_granule_words: 8192.
 - virtual_space_node_default_size: 8388608.
 - enlarge_chunks_in_place: 1.
UseCompressedClassPointers 1, UseCompactObjectHeaders 0
Narrow klass pointer bits 32, Max shift 3
Narrow klass base: 0x0000000014000000, Narrow klass shift: 0
Encoding Range: [0x0000000014000000 - 0x0000000114000000), (4294967296 bytes)
Klass Range:    [0x0000000014000000 - 0x0000000055000000), (1090519040 bytes)
Klass ID Range:  [8 - 1090519033) (1090519025)
Protection zone: [0x0000000014000000 - 0x0000000014010000), (65536 bytes)


Internal statistics:

num_allocs_failed_limit: 6.
num_arena_births: 408.
num_arena_deaths: 0.
num_vsnodes_births: 2.
num_vsnodes_deaths: 0.
num_space_committed: 695.
num_space_uncommitted: 0.
num_chunks_returned_to_freelist: 6.
num_chunks_taken_from_freelist: 2028.
num_chunk_merges: 6.
num_chunk_splits: 1436.
num_chunks_enlarged: 1144.
num_inconsistent_stats: 0.

CodeHeap 'non-profiled nmethods': size=120064Kb used=5299Kb max_used=5299Kb free=114764Kb
 bounds [0x000001f3f7460000, 0x000001f3f7990000, 0x000001f3fe9a0000]
CodeHeap 'profiled nmethods': size=120064Kb used=20287Kb max_used=20287Kb free=99776Kb
 bounds [0x000001f3ef980000, 0x000001f3f0d50000, 0x000001f3f6ec0000]
CodeHeap 'non-nmethods': size=5760Kb used=1529Kb max_used=1588Kb free=4230Kb
 bounds [0x000001f3f6ec0000, 0x000001f3f7130000, 0x000001f3f7460000]
CodeCache: size=245888Kb, used=27115Kb, max_used=27174Kb, free=218770Kb
 total_blobs=12234, nmethods=11588, adapters=548, full_count=0
Compilation: enabled, stopped_count=0, restarted_count=0

Compilation events (20 events):
Event: 27.206 Thread 0x000001f3872851a0 nmethod 13103 0x000001f3f0d4c908 code [0x000001f3f0d4ca00, 0x000001f3f0d4ce08]
Event: 27.208 Thread 0x000001f3872849a0 13104       4       java.util.ArrayDeque::add (7 bytes)
Event: 27.209 Thread 0x000001f3872849a0 nmethod 13104 0x000001f3f798b108 code [0x000001f3f798b200, 0x000001f3f798b418]
Event: 27.222 Thread 0x000001f38c040200 13105       4       java.lang.StringBuilder::append (8 bytes)
Event: 27.224 Thread 0x000001f3872851a0 13106       3       jdk.internal.classfile.impl.EntryMap::nextToken (37 bytes)
Event: 27.224 Thread 0x000001f3872851a0 nmethod 13106 0x000001f3f0d4ce88 code [0x000001f3f0d4cf80, 0x000001f3f0d4d1a0]
Event: 27.227 Thread 0x000001f3872849a0 13107   !   4       java.net.URLClassLoader::findClass (77 bytes)
Event: 27.229 Thread 0x000001f38c040200 nmethod 13105 0x000001f3f798b488 code [0x000001f3f798b580, 0x000001f3f798ba18]
Event: 27.339 Thread 0x000001f3872851a0 13108       3       java.lang.invoke.VarHandleGuards::guard_LLL_Z (86 bytes)
Event: 27.340 Thread 0x000001f3872851a0 nmethod 13108 0x000001f3f0d4d208 code [0x000001f3f0d4d300, 0x000001f3f0d4ee68]
Event: 27.374 Thread 0x000001f3872851a0 13111       1       org.apache.maven.surefire.api.stream.AbstractStreamDecoder$Memento::getByteBuffer (5 bytes)
Event: 27.374 Thread 0x000001f3872851a0 nmethod 13111 0x000001f3f798bd88 code [0x000001f3f798be80, 0x000001f3f798bf38]
Event: 27.374 Thread 0x000001f3872851a0 13112       1       org.apache.maven.surefire.api.stream.AbstractStreamDecoder$Memento::access$000 (5 bytes)
Event: 27.374 Thread 0x000001f3872851a0 nmethod 13112 0x000001f3f798c088 code [0x000001f3f798c180, 0x000001f3f798c220]
Event: 27.374 Thread 0x000001f3872851a0 13113       1       org.apache.maven.surefire.api.stream.AbstractStreamDecoder$Memento::getLine (5 bytes)
Event: 27.375 Thread 0x000001f3872851a0 nmethod 13113 0x000001f3f798c388 code [0x000001f3f798c480, 0x000001f3f798c538]
Event: 27.375 Thread 0x000001f3872851a0 13114       1       org.apache.maven.surefire.api.stream.AbstractStreamDecoder$MalformedFrameException::readFrom (5 bytes)
Event: 27.375 Thread 0x000001f3872851a0 nmethod 13114 0x000001f3f798c688 code [0x000001f3f798c780, 0x000001f3f798c838]
Event: 27.377 Thread 0x000001f3872851a0 13115       3       java.lang.invoke.VarHandleReferences$FieldInstanceReadWrite::compareAndSet (48 bytes)
Event: 27.378 Thread 0x000001f3872851a0 nmethod 13115 0x000001f3f0d4ee88 code [0x000001f3f0d4ef80, 0x000001f3f0d4fc30]

GC Heap Usage History (20 events):
Event: 17.143 {heap Before GC invocations=16 (full 0):
 garbage-first heap   total reserved 4161536K, committed 108544K, used 81598K [0x0000000702000000, 0x0000000800000000)
  region size 2M, 26 eden (52M), 4 survivor (8M), 9 old (18M), 2 humongous (4M), 12 free (24M)
}
Event: 17.160 {heap After GC invocations=17 (full 0):
 garbage-first heap   total reserved 4161536K, committed 108544K, used 40026K [0x0000000702000000, 0x0000000800000000)
  region size 2M, 0 eden (0M), 4 survivor (8M), 15 old (30M), 1 humongous (2M), 33 free (66M)
}
Event: 17.512 {heap Before GC invocations=17 (full 0):
 garbage-first heap   total reserved 4161536K, committed 108544K, used 83034K [0x0000000702000000, 0x0000000800000000)
  region size 2M, 21 eden (42M), 4 survivor (8M), 15 old (30M), 1 humongous (2M), 12 free (24M)
}
Event: 17.531 {heap After GC invocations=18 (full 0):
 garbage-first heap   total reserved 4161536K, committed 108544K, used 48501K [0x0000000702000000, 0x0000000800000000)
  region size 2M, 0 eden (0M), 4 survivor (8M), 19 old (38M), 1 humongous (2M), 29 free (58M)
}
Event: 17.675 {heap Before GC invocations=18 (full 0):
 garbage-first heap   total reserved 4161536K, committed 108544K, used 87413K [0x0000000702000000, 0x0000000800000000)
  region size 2M, 19 eden (38M), 4 survivor (8M), 19 old (38M), 1 humongous (2M), 10 free (20M)
}
Event: 17.687 {heap After GC invocations=19 (full 0):
 garbage-first heap   total reserved 4161536K, committed 108544K, used 53687K [0x0000000702000000, 0x0000000800000000)
  region size 2M, 0 eden (0M), 3 survivor (6M), 23 old (46M), 1 humongous (2M), 26 free (52M)
}
Event: 18.264 {heap Before GC invocations=19 (full 0):
 garbage-first heap   total reserved 4161536K, committed 108544K, used 88503K [0x0000000702000000, 0x0000000800000000)
  region size 2M, 18 eden (36M), 3 survivor (6M), 23 old (46M), 1 humongous (2M), 8 free (16M)
}
Event: 18.278 {heap After GC invocations=20 (full 0):
 garbage-first heap   total reserved 4161536K, committed 108544K, used 55296K [0x0000000702000000, 0x0000000800000000)
  region size 2M, 0 eden (0M), 1 survivor (2M), 25 old (50M), 1 humongous (2M), 26 free (52M)
}
Event: 18.703 {heap Before GC invocations=21 (full 0):
 garbage-first heap   total reserved 4161536K, committed 108544K, used 92160K [0x0000000702000000, 0x0000000800000000)
  region size 2M, 18 eden (36M), 1 survivor (2M), 25 old (50M), 1 humongous (2M), 8 free (16M)
}
Event: 18.707 {heap After GC invocations=22 (full 0):
 garbage-first heap   total reserved 4161536K, committed 108544K, used 55524K [0x0000000702000000, 0x0000000800000000)
  region size 2M, 0 eden (0M), 2 survivor (4M), 25 old (50M), 1 humongous (2M), 25 free (50M)
}
Event: 18.931 {heap Before GC invocations=22 (full 0):
 garbage-first heap   total reserved 4161536K, committed 108544K, used 94436K [0x0000000702000000, 0x0000000800000000)
  region size 2M, 19 eden (38M), 2 survivor (4M), 25 old (50M), 1 humongous (2M), 6 free (12M)
}
Event: 18.936 {heap After GC invocations=23 (full 0):
 garbage-first heap   total reserved 4161536K, committed 108544K, used 54267K [0x0000000702000000, 0x0000000800000000)
  region size 2M, 0 eden (0M), 2 survivor (4M), 25 old (50M), 1 humongous (2M), 25 free (50M)
}
Event: 19.328 {heap Before GC invocations=23 (full 0):
 garbage-first heap   total reserved 4161536K, committed 108544K, used 95227K [0x0000000702000000, 0x0000000800000000)
  region size 2M, 20 eden (40M), 2 survivor (4M), 25 old (50M), 1 humongous (2M), 5 free (10M)
}
Event: 19.337 {heap After GC invocations=24 (full 0):
 garbage-first heap   total reserved 4161536K, committed 325632K, used 56093K [0x0000000702000000, 0x0000000800000000)
  region size 2M, 0 eden (0M), 3 survivor (6M), 25 old (50M), 1 humongous (2M), 130 free (260M)
}
Event: 20.258 {heap Before GC invocations=25 (full 0):
 garbage-first heap   total reserved 4161536K, committed 325632K, used 244509K [0x0000000702000000, 0x0000000800000000)
  region size 2M, 92 eden (184M), 3 survivor (6M), 25 old (50M), 1 humongous (2M), 38 free (76M)
}
Event: 20.264 {heap After GC invocations=26 (full 0):
 garbage-first heap   total reserved 4161536K, committed 325632K, used 59974K [0x0000000702000000, 0x0000000800000000)
  region size 2M, 0 eden (0M), 4 survivor (8M), 25 old (50M), 1 humongous (2M), 129 free (258M)
}
Event: 20.731 {heap Before GC invocations=26 (full 0):
 garbage-first heap   total reserved 4161536K, committed 325632K, used 246342K [0x0000000702000000, 0x0000000800000000)
  region size 2M, 91 eden (182M), 4 survivor (8M), 25 old (50M), 1 humongous (2M), 38 free (76M)
}
Event: 20.737 {heap After GC invocations=27 (full 0):
 garbage-first heap   total reserved 4161536K, committed 325632K, used 60411K [0x0000000702000000, 0x0000000800000000)
  region size 2M, 0 eden (0M), 5 survivor (10M), 24 old (48M), 1 humongous (2M), 129 free (258M)
}
Event: 25.356 {heap Before GC invocations=27 (full 0):
 garbage-first heap   total reserved 4161536K, committed 325632K, used 246779K [0x0000000702000000, 0x0000000800000000)
  region size 2M, 90 eden (180M), 5 survivor (10M), 24 old (48M), 2 humongous (4M), 38 free (76M)
}
Event: 25.373 {heap After GC invocations=28 (full 0):
 garbage-first heap   total reserved 4161536K, committed 325632K, used 85505K [0x0000000702000000, 0x0000000800000000)
  region size 2M, 0 eden (0M), 12 survivor (24M), 28 old (56M), 2 humongous (4M), 117 free (234M)
}

Metaspace Usage History (20 events):
Event: 17.143 {metaspace Before GC invocations=16 (full 0):
 Metaspace       used 26083K, committed 26432K, reserved 1114112K
  class space    used 3115K, committed 3264K, reserved 1048576K
}
Event: 17.160 {metaspace After GC invocations=17 (full 0):
 Metaspace       used 26083K, committed 26432K, reserved 1114112K
  class space    used 3115K, committed 3264K, reserved 1048576K
}
Event: 17.512 {metaspace Before GC invocations=17 (full 0):
 Metaspace       used 27021K, committed 27392K, reserved 1114112K
  class space    used 3191K, committed 3392K, reserved 1048576K
}
Event: 17.531 {metaspace After GC invocations=18 (full 0):
 Metaspace       used 27021K, committed 27392K, reserved 1114112K
  class space    used 3191K, committed 3392K, reserved 1048576K
}
Event: 17.675 {metaspace Before GC invocations=18 (full 0):
 Metaspace       used 27127K, committed 27520K, reserved 1114112K
  class space    used 3192K, committed 3392K, reserved 1048576K
}
Event: 17.687 {metaspace After GC invocations=19 (full 0):
 Metaspace       used 27127K, committed 27520K, reserved 1114112K
  class space    used 3192K, committed 3392K, reserved 1048576K
}
Event: 18.264 {metaspace Before GC invocations=19 (full 0):
 Metaspace       used 29282K, committed 29568K, reserved 1114112K
  class space    used 3445K, committed 3584K, reserved 1048576K
}
Event: 18.278 {metaspace After GC invocations=20 (full 0):
 Metaspace       used 29282K, committed 29568K, reserved 1114112K
  class space    used 3445K, committed 3584K, reserved 1048576K
}
Event: 18.703 {metaspace Before GC invocations=21 (full 0):
 Metaspace       used 29626K, committed 30016K, reserved 1114112K
  class space    used 3470K, committed 3648K, reserved 1048576K
}
Event: 18.707 {metaspace After GC invocations=22 (full 0):
 Metaspace       used 29626K, committed 30016K, reserved 1114112K
  class space    used 3470K, committed 3648K, reserved 1048576K
}
Event: 18.931 {metaspace Before GC invocations=22 (full 0):
 Metaspace       used 29649K, committed 30080K, reserved 1114112K
  class space    used 3473K, committed 3648K, reserved 1048576K
}
Event: 18.936 {metaspace After GC invocations=23 (full 0):
 Metaspace       used 29649K, committed 30080K, reserved 1114112K
  class space    used 3473K, committed 3648K, reserved 1048576K
}
Event: 19.328 {metaspace Before GC invocations=23 (full 0):
 Metaspace       used 32986K, committed 33344K, reserved 1114112K
  class space    used 3891K, committed 4032K, reserved 1048576K
}
Event: 19.337 {metaspace After GC invocations=24 (full 0):
 Metaspace       used 32986K, committed 33344K, reserved 1114112K
  class space    used 3891K, committed 4032K, reserved 1048576K
}
Event: 20.258 {metaspace Before GC invocations=25 (full 0):
 Metaspace       used 36753K, committed 37120K, reserved 1114112K
  class space    used 4357K, committed 4544K, reserved 1048576K
}
Event: 20.264 {metaspace After GC invocations=26 (full 0):
 Metaspace       used 36753K, committed 37120K, reserved 1114112K
  class space    used 4357K, committed 4544K, reserved 1048576K
}
Event: 20.731 {metaspace Before GC invocations=26 (full 0):
 Metaspace       used 38028K, committed 38464K, reserved 1114112K
  class space    used 4549K, committed 4736K, reserved 1048576K
}
Event: 20.737 {metaspace After GC invocations=27 (full 0):
 Metaspace       used 38028K, committed 38464K, reserved 1114112K
  class space    used 4549K, committed 4736K, reserved 1048576K
}
Event: 25.356 {metaspace Before GC invocations=27 (full 0):
 Metaspace       used 40003K, committed 40448K, reserved 1114112K
  class space    used 4688K, committed 4864K, reserved 1048576K
}
Event: 25.373 {metaspace After GC invocations=28 (full 0):
 Metaspace       used 40003K, committed 40448K, reserved 1114112K
  class space    used 4688K, committed 4864K, reserved 1048576K
}

Dll operation events (14 events):
Event: 0.009 Attempting to load shared library C:\Users\vu.phamtuan\.jdks\openjdk-26.0.1\bin\java.dll
Event: 0.011 Loaded shared library C:\Users\vu.phamtuan\.jdks\openjdk-26.0.1\bin\java.dll
Event: 0.060 Attempting to load shared library C:\Users\vu.phamtuan\.jdks\openjdk-26.0.1\bin\net.dll
Event: 0.101 Loaded shared library C:\Users\vu.phamtuan\.jdks\openjdk-26.0.1\bin\net.dll
Event: 0.102 Attempting to load shared library C:\Users\vu.phamtuan\.jdks\openjdk-26.0.1\bin\nio.dll
Event: 0.135 Loaded shared library C:\Users\vu.phamtuan\.jdks\openjdk-26.0.1\bin\nio.dll
Event: 0.241 Attempting to load shared library C:\Users\vu.phamtuan\.jdks\openjdk-26.0.1\bin\zip.dll
Event: 0.287 Loaded shared library C:\Users\vu.phamtuan\.jdks\openjdk-26.0.1\bin\zip.dll
Event: 4.367 Attempting to load shared library C:\Users\vu.phamtuan\.jdks\openjdk-26.0.1\bin\jimage.dll
Event: 4.367 Loaded shared library C:\Users\vu.phamtuan\.jdks\openjdk-26.0.1\bin\jimage.dll
Event: 4.368 Attempting to load shared library C:\Users\vu.phamtuan\.m2\wrapper\dists\apache-maven-3.9.16\0daed3be3ebd1c706f0e69e8b07c6b73f5cc4ea3dfce72a8d0ec2e849ca2ddb0\lib\jansi-native\Windows\x86_64\jansi.dll
Event: 4.371 Loaded shared library C:\Users\vu.phamtuan\.m2\wrapper\dists\apache-maven-3.9.16\0daed3be3ebd1c706f0e69e8b07c6b73f5cc4ea3dfce72a8d0ec2e849ca2ddb0\lib\jansi-native\Windows\x86_64\jansi.dll
Event: 4.382 Attempting to load shared library C:\Users\vu.phamtuan\.jdks\openjdk-26.0.1\bin\verify.dll
Event: 4.415 Loaded shared library C:\Users\vu.phamtuan\.jdks\openjdk-26.0.1\bin\verify.dll

Deoptimization events (20 events):
Event: 27.086 Thread 0x000001f3e4a05870 Uncommon trap: trap_request=0xffffff45 fr.pc=0x000001f3f78b9528 relative=0x00000000000003a8
Event: 27.086 Thread 0x000001f3e4a05870 Uncommon trap: reason=unstable_if action=reinterpret pc=0x000001f3f78b9528 method=java.lang.StringLatin1.lastIndexOf([BI[BII)I @ 86 c2
Event: 27.086 Thread 0x000001f3e4a05870 DEOPT PACKING pc=0x000001f3f78b9528 sp=0x00000009682fd470
Event: 27.086 Thread 0x000001f3e4a05870 DEOPT UNPACKING pc=0x000001f3f6fe2e02 sp=0x00000009682fd2b8 mode 2
Event: 27.097 Thread 0x000001f3e4a05870 Uncommon trap: trap_request=0xffffff45 fr.pc=0x000001f3f74a3344 relative=0x00000000000008a4
Event: 27.097 Thread 0x000001f3e4a05870 Uncommon trap: reason=unstable_if action=reinterpret pc=0x000001f3f74a3344 method=jdk.internal.classfile.impl.SplitConstantPool.maybeCloneUtf8Entry(Ljava/lang/classfile/constantpool/Utf8Entry;)Ljdk/internal/classfile/impl/AbstractPoolEntry$Utf8EntryImpl; 
Event: 27.097 Thread 0x000001f3e4a05870 DEOPT PACKING pc=0x000001f3f74a3344 sp=0x00000009682fcba0
Event: 27.097 Thread 0x000001f3e4a05870 DEOPT UNPACKING pc=0x000001f3f6fe2e02 sp=0x00000009682fcb50 mode 2
Event: 27.171 Thread 0x000001f3e4a05870 Uncommon trap: trap_request=0xffffff45 fr.pc=0x000001f3f776ff00 relative=0x0000000000000180
Event: 27.171 Thread 0x000001f3e4a05870 Uncommon trap: reason=unstable_if action=reinterpret pc=0x000001f3f776ff00 method=java.util.zip.CRC32.updateBytesCheck([BII)V @ 1 c2
Event: 27.171 Thread 0x000001f3e4a05870 DEOPT PACKING pc=0x000001f3f776ff00 sp=0x00000009682fdf60
Event: 27.171 Thread 0x000001f3e4a05870 DEOPT UNPACKING pc=0x000001f3f6fe2e02 sp=0x00000009682fde50 mode 2
Event: 27.204 Thread 0x000001f3e4a05870 Uncommon trap: trap_request=0xffffffc6 fr.pc=0x000001f3f785dbe8 relative=0x00000000000001e8
Event: 27.204 Thread 0x000001f3e4a05870 Uncommon trap: reason=bimorphic_or_optimized_type_check action=maybe_recompile pc=0x000001f3f785dbe8 method=java.util.Spliterators$ArraySpliterator.tryAdvance(Ljava/util/function/Consumer;)Z @ 49 c2
Event: 27.204 Thread 0x000001f3e4a05870 DEOPT PACKING pc=0x000001f3f785dbe8 sp=0x00000009682fda60
Event: 27.204 Thread 0x000001f3e4a05870 DEOPT UNPACKING pc=0x000001f3f6fe2e02 sp=0x00000009682fd9f0 mode 2
Event: 27.225 Thread 0x000001f38ce5dbb0 Uncommon trap: trap_request=0xffffff45 fr.pc=0x000001f3f74a8350 relative=0x00000000000001d0
Event: 27.225 Thread 0x000001f38ce5dbb0 Uncommon trap: reason=unstable_if action=reinterpret pc=0x000001f3f74a8350 method=java.lang.String.indexOf(Ljava/lang/String;)I @ 10 c2
Event: 27.225 Thread 0x000001f38ce5dbb0 DEOPT PACKING pc=0x000001f3f74a8350 sp=0x000000096a5ff2e0
Event: 27.225 Thread 0x000001f38ce5dbb0 DEOPT UNPACKING pc=0x000001f3f6fe2e02 sp=0x000000096a5ff280 mode 2

Classes loaded (20 events):
Event: 27.204 Loading class sun/util/logging/PlatformLogger$ConfigurableBridge$LoggerConfiguration done
Event: 27.204 Loading class sun/util/logging/internal/LoggingProviderImpl$JULWrapper done
Event: 27.205 Loading class java/lang/System$Logger$Level
Event: 27.205 Loading class java/lang/System$Logger$Level done
Event: 27.205 Loading class java/nio/channels/ClosedChannelException
Event: 27.205 Loading class java/nio/channels/ClosedChannelException done
Event: 27.207 Loading class java/nio/channels/NonReadableChannelException
Event: 27.207 Loading class java/nio/channels/NonReadableChannelException done
Event: 27.208 Loading class java/nio/channels/NonWritableChannelException
Event: 27.208 Loading class java/nio/channels/NonWritableChannelException done
Event: 27.222 Loading class java/util/Scanner
Event: 27.223 Loading class java/util/Scanner done
Event: 27.224 Loading class java/util/Scanner$PatternLRUCache
Event: 27.224 Loading class java/util/Scanner$PatternLRUCache done
Event: 27.377 Loading class java/util/concurrent/ThreadLocalRandom$Access
Event: 27.378 Loading class java/util/concurrent/ThreadLocalRandom$Access done
Event: 27.378 Loading class java/util/concurrent/ThreadLocalRandom$Access$1
Event: 27.378 Loading class jdk/internal/access/JavaUtilConcurrentTLRAccess
Event: 27.378 Loading class jdk/internal/access/JavaUtilConcurrentTLRAccess done
Event: 27.378 Loading class java/util/concurrent/ThreadLocalRandom$Access$1 done

Classes unloaded (0 events):
No events

Classes redefined (0 events):
No events

Internal exceptions (20 events):
Event: 25.237 Thread 0x000001f3e4a05870 Exception <a 'sun/nio/fs/WindowsException'{0x000000070aa42440}> (0x000000070aa42440) 
thrown [s\open\src\hotspot\share\prims\jni.cpp, line 514]
Event: 25.237 Thread 0x000001f3e4a05870 Exception <a 'sun/nio/fs/WindowsException'{0x000000070aa6e730}> (0x000000070aa6e730) 
thrown [s\open\src\hotspot\share\prims\jni.cpp, line 514]
Event: 25.638 Thread 0x000001f3e4a05870 Exception <a 'sun/nio/fs/WindowsException'{0x00000007145d32f8}> (0x00000007145d32f8) 
thrown [s\open\src\hotspot\share\prims\jni.cpp, line 514]
Event: 25.638 Thread 0x000001f3e4a05870 Exception <a 'sun/nio/fs/WindowsException'{0x00000007145d3cc8}> (0x00000007145d3cc8) 
thrown [s\open\src\hotspot\share\prims\jni.cpp, line 514]
Event: 25.640 Thread 0x000001f3e4a05870 Exception <a 'sun/nio/fs/WindowsException'{0x00000007145feab0}> (0x00000007145feab0) 
thrown [s\open\src\hotspot\share\prims\jni.cpp, line 514]
Event: 25.640 Thread 0x000001f3e4a05870 Exception <a 'sun/nio/fs/WindowsException'{0x00000007145ff480}> (0x00000007145ff480) 
thrown [s\open\src\hotspot\share\prims\jni.cpp, line 514]
Event: 25.641 Thread 0x000001f3e4a05870 Exception <a 'sun/nio/fs/WindowsException'{0x00000007142377c0}> (0x00000007142377c0) 
thrown [s\open\src\hotspot\share\prims\jni.cpp, line 514]
Event: 25.641 Thread 0x000001f3e4a05870 Exception <a 'sun/nio/fs/WindowsException'{0x0000000714238190}> (0x0000000714238190) 
thrown [s\open\src\hotspot\share\prims\jni.cpp, line 514]
Event: 25.641 Thread 0x000001f3e4a05870 Exception <a 'sun/nio/fs/WindowsException'{0x000000071425bf18}> (0x000000071425bf18) 
thrown [s\open\src\hotspot\share\prims\jni.cpp, line 514]
Event: 25.641 Thread 0x000001f3e4a05870 Exception <a 'sun/nio/fs/WindowsException'{0x000000071425c8e8}> (0x000000071425c8e8) 
thrown [s\open\src\hotspot\share\prims\jni.cpp, line 514]
Event: 25.643 Thread 0x000001f3e4a05870 Exception <a 'sun/nio/fs/WindowsException'{0x00000007142cbe30}> (0x00000007142cbe30) 
thrown [s\open\src\hotspot\share\prims\jni.cpp, line 514]
Event: 26.800 Thread 0x000001f38d9bd2f0 Exception <a 'java/lang/NoSuchMethodError'{0x000000071306b8e0}: 'java.lang.Object java.lang.invoke.DirectMethodHandle$Holder.invokeStatic(java.lang.Object, long, java.lang.Object)'> (0x000000071306b8e0) 
thrown [s\open\src\hotspot\share\interpreter\linkResolver.cpp, line 804]
Event: 26.800 Thread 0x000001f38d9bd2f0 Exception <a 'java/lang/NoSuchMethodError'{0x0000000713073760}: 'java.lang.Object java.lang.invoke.DirectMethodHandle$Holder.invokeStaticInit(java.lang.Object, long, java.lang.Object)'> (0x0000000713073760) 
thrown [s\open\src\hotspot\share\interpreter\linkResolver.cpp, line 804]
Event: 26.800 Thread 0x000001f38d9bd2f0 Exception <a 'java/lang/NoSuchMethodError'{0x0000000713082970}: 'java.lang.Object java.lang.invoke.DirectMethodHandle$Holder.newInvokeSpecial(java.lang.Object, long)'> (0x0000000713082970) 
thrown [s\open\src\hotspot\share\interpreter\linkResolver.cpp, line 804]
Event: 26.804 Thread 0x000001f38d9bd2f0 Exception <a 'java/lang/NoSuchMethodError'{0x000000071308c810}: 'long java.lang.invoke.DirectMethodHandle$Holder.invokeInterface(java.lang.Object, java.lang.Object)'> (0x000000071308c810) 
thrown [s\open\src\hotspot\share\interpreter\linkResolver.cpp, line 804]
Event: 26.804 Thread 0x000001f38d9bd2f0 Exception <a 'java/lang/NoSuchMethodError'{0x0000000713094a18}: 'java.lang.Object java.lang.invoke.DirectMethodHandle$Holder.invokeStatic(java.lang.Object, long)'> (0x0000000713094a18) 
thrown [s\open\src\hotspot\share\interpreter\linkResolver.cpp, line 804]
Event: 26.805 Thread 0x000001f38d9bd2f0 Exception <a 'java/lang/NoSuchMethodError'{0x00000007130a4a98}: 'long java.lang.invoke.DelegatingMethodHandle$Holder.reinvoke_L(java.lang.Object, java.lang.Object)'> (0x00000007130a4a98) 
thrown [s\open\src\hotspot\share\interpreter\linkResolver.cpp, line 804]
Event: 26.859 Thread 0x000001f3e4a05870 Exception <a 'java/lang/NoSuchMethodError'{0x0000000712d0e430}: 'java.lang.Object java.lang.invoke.DirectMethodHandle$Holder.invokeStaticInit(java.lang.Object, java.lang.Object, int, int, int, int)'> (0x0000000712d0e430) 
thrown [s\open\src\hotspot\share\interpreter\linkResolver.cpp, line 804]
Event: 27.094 Thread 0x000001f3e4a05870 Exception <a 'java/lang/NoSuchMethodError'{0x000000071228dea8}: 'long java.lang.invoke.DirectMethodHandle$Holder.invokeSpecial(java.lang.Object, java.lang.Object)'> (0x000000071228dea8) 
thrown [s\open\src\hotspot\share\interpreter\linkResolver.cpp, line 804]
Event: 27.201 Thread 0x000001f3e4a05870 Exception <a 'java/lang/NoSuchMethodError'{0x0000000711e98a78}: 'void java.lang.invoke.DirectMethodHandle$Holder.invokeStatic(java.lang.Object, long)'> (0x0000000711e98a78) 
thrown [s\open\src\hotspot\share\interpreter\linkResolver.cpp, line 804]

VM Operations (20 events):
Event: 20.869 Executing non-safepoint VM operation: HandshakeAllThreads (Deoptimize)
Event: 20.869 Executing non-safepoint VM operation: HandshakeAllThreads (Deoptimize) done
Event: 21.179 Executing non-safepoint VM operation: HandshakeAllThreads (Deoptimize)
Event: 21.179 Executing non-safepoint VM operation: HandshakeAllThreads (Deoptimize) done
Event: 21.837 Executing non-safepoint VM operation: HandshakeAllThreads (Deoptimize)
Event: 21.837 Executing non-safepoint VM operation: HandshakeAllThreads (Deoptimize) done
Event: 21.838 Executing non-safepoint VM operation: HandshakeAllThreads (Deoptimize)
Event: 21.838 Executing non-safepoint VM operation: HandshakeAllThreads (Deoptimize) done
Event: 25.356 Executing safepoint VM operation: G1CollectForAllocation (G1 Evacuation Pause)
Event: 25.373 Executing safepoint VM operation: G1CollectForAllocation (G1 Evacuation Pause) done
Event: 26.790 Executing non-safepoint VM operation: HandshakeAllThreads (Deoptimize)
Event: 26.790 Executing non-safepoint VM operation: HandshakeAllThreads (Deoptimize) done
Event: 27.032 Executing non-safepoint VM operation: HandshakeAllThreads (Deoptimize)
Event: 27.032 Executing non-safepoint VM operation: HandshakeAllThreads (Deoptimize) done
Event: 27.109 Executing non-safepoint VM operation: HandshakeAllThreads (Deoptimize)
Event: 27.110 Executing non-safepoint VM operation: HandshakeAllThreads (Deoptimize) done
Event: 27.115 Executing non-safepoint VM operation: HandshakeAllThreads (Deoptimize)
Event: 27.115 Executing non-safepoint VM operation: HandshakeAllThreads (Deoptimize) done
Event: 27.123 Executing non-safepoint VM operation: HandshakeAllThreads (Deoptimize)
Event: 27.123 Executing non-safepoint VM operation: HandshakeAllThreads (Deoptimize) done

Memory protections (0 events):
No events

Nmethod flushes (20 events):
Event: 19.382 Thread 0x000001f387258210 flushing  nmethod 0x000001f3f05e2d88
Event: 19.382 Thread 0x000001f387258210 flushing  nmethod 0x000001f3f05e5888
Event: 19.382 Thread 0x000001f387258210 flushing  nmethod 0x000001f3f05e7a88
Event: 19.382 Thread 0x000001f387258210 flushing  nmethod 0x000001f3f05e7d88
Event: 19.382 Thread 0x000001f387258210 flushing  nmethod 0x000001f3f05e8c08
Event: 19.382 Thread 0x000001f387258210 flushing  nmethod 0x000001f3f05fb588
Event: 19.382 Thread 0x000001f387258210 flushing  nmethod 0x000001f3f05fbd08
Event: 19.382 Thread 0x000001f387258210 flushing  nmethod 0x000001f3f060b188
Event: 19.382 Thread 0x000001f387258210 flushing  nmethod 0x000001f3f060b508
Event: 19.382 Thread 0x000001f387258210 flushing  nmethod 0x000001f3f060e088
Event: 19.382 Thread 0x000001f387258210 flushing  nmethod 0x000001f3f060e508
Event: 19.382 Thread 0x000001f387258210 flushing  nmethod 0x000001f3f0611388
Event: 19.382 Thread 0x000001f387258210 flushing  nmethod 0x000001f3f0611d88
Event: 19.382 Thread 0x000001f387258210 flushing  nmethod 0x000001f3f0612388
Event: 19.382 Thread 0x000001f387258210 flushing  nmethod 0x000001f3f0612688
Event: 19.382 Thread 0x000001f387258210 flushing  nmethod 0x000001f3f0612988
Event: 19.382 Thread 0x000001f387258210 flushing osr nmethod 0x000001f3f0655d88
Event: 19.382 Thread 0x000001f387258210 flushing  nmethod 0x000001f3f0681008
Event: 19.382 Thread 0x000001f387258210 flushing  nmethod 0x000001f3f0682e08
Event: 19.382 Thread 0x000001f387258210 flushing  nmethod 0x000001f3f06ab688

Events (20 events):
Event: 9.145 Thread 0x000001f3872851a0 Thread added: 0x000001f38c6c55e0
Event: 9.700 Thread 0x000001f38c6c55e0 Thread exited: 0x000001f38c6c55e0
Event: 11.099 Thread 0x000001f3872851a0 Thread added: 0x000001f38c6c4dd0
Event: 11.233 Thread 0x000001f38c6c4dd0 Thread exited: 0x000001f38c6c4dd0
Event: 16.595 Thread 0x000001f3872849a0 Thread added: 0x000001f38c6c4dd0
Event: 22.430 Thread 0x000001f38c6c4dd0 Thread exited: 0x000001f38c6c4dd0
Event: 23.007 Thread 0x000001f3872851a0 Thread added: 0x000001f38c6c8e50
Event: 23.538 Thread 0x000001f38c6c8e50 Thread exited: 0x000001f38c6c8e50
Event: 25.121 Thread 0x000001f3872851a0 Thread added: 0x000001f38c6c8e50
Event: 26.203 Thread 0x000001f38c6c8e50 Thread exited: 0x000001f38c6c8e50
Event: 26.792 Thread 0x000001f3e4a05870 Thread added: 0x000001f38d9bd2f0
Event: 26.805 Thread 0x000001f3872851a0 Thread added: 0x000001f38c040200
Event: 26.806 Thread 0x000001f38d9bd2f0 Thread exited: 0x000001f38d9bd2f0
Event: 27.032 Thread 0x000001f3e4a05870 Thread added: 0x000001f38d9b9470
Event: 27.038 Thread 0x000001f3e4a05870 Thread added: 0x000001f38d9babe0
Event: 27.178 Thread 0x000001f3e4a05870 Thread added: 0x000001f38d9bd2f0
Event: 27.222 Thread 0x000001f3e4a05870 Thread added: 0x000001f38ce5dbb0
Event: 27.222 Thread 0x000001f3e4a05870 Thread added: 0x000001f38d22e460
Event: 27.228 Thread 0x000001f3e4a05870 Thread added: 0x000001f38d22dc90
Event: 27.339 Thread 0x000001f38c040200 Thread exited: 0x000001f38c040200


Dynamic libraries:
0x00007ff743f70000 - 0x00007ff743f7e000 	C:\Users\vu.phamtuan\.jdks\openjdk-26.0.1\bin\java.exe
0x00007ff8f2270000 - 0x00007ff8f2488000 	C:\Windows\SYSTEM32\ntdll.dll
0x00007ff8f09a0000 - 0x00007ff8f0a64000 	C:\Windows\System32\KERNEL32.DLL
0x00007ff8ef470000 - 0x00007ff8ef843000 	C:\Windows\System32\KERNELBASE.dll
0x00007ff8efb80000 - 0x00007ff8efc91000 	C:\Windows\System32\ucrtbase.dll
0x00007ff8e67c0000 - 0x00007ff8e67de000 	C:\Users\vu.phamtuan\.jdks\openjdk-26.0.1\bin\VCRUNTIME140.dll
0x00007ff8dbc80000 - 0x00007ff8dbc97000 	C:\Users\vu.phamtuan\.jdks\openjdk-26.0.1\bin\jli.dll
0x00007ff8f0680000 - 0x00007ff8f0832000 	C:\Windows\System32\USER32.dll
0x00007ff8efad0000 - 0x00007ff8efaf6000 	C:\Windows\System32\win32u.dll
0x00007ff8f19f0000 - 0x00007ff8f1a19000 	C:\Windows\System32\GDI32.dll
0x00007ff8ef350000 - 0x00007ff8ef46b000 	C:\Windows\System32\gdi32full.dll
0x00007ff8de4d0000 - 0x00007ff8de76c000 	C:\Windows\WinSxS\amd64_microsoft.windows.common-controls_6595b64144ccf1df_6.0.22621.6060_none_2712eda17382d24b\COMCTL32.dll
0x00007ff8efe40000 - 0x00007ff8efeda000 	C:\Windows\System32\msvcp_win.dll
0x00007ff8f0ae0000 - 0x00007ff8f0b87000 	C:\Windows\System32\msvcrt.dll
0x00007ff8f0c30000 - 0x00007ff8f0c61000 	C:\Windows\System32\IMM32.DLL
0x00007ff8eb730000 - 0x00007ff8eb73c000 	C:\Users\vu.phamtuan\.jdks\openjdk-26.0.1\bin\vcruntime140_1.dll
0x00007ff8c2f40000 - 0x00007ff8c2fcd000 	C:\Users\vu.phamtuan\.jdks\openjdk-26.0.1\bin\msvcp140.dll
0x00007ff839d50000 - 0x00007ff83ac1e000 	C:\Users\vu.phamtuan\.jdks\openjdk-26.0.1\bin\server\jvm.dll
0x00007ff8f1930000 - 0x00007ff8f19e1000 	C:\Windows\System32\ADVAPI32.dll
0x00007ff8f1dd0000 - 0x00007ff8f1e78000 	C:\Windows\System32\sechost.dll
0x00007ff8efca0000 - 0x00007ff8efcc8000 	C:\Windows\System32\bcrypt.dll
0x00007ff8eff00000 - 0x00007ff8f0018000 	C:\Windows\System32\RPCRT4.dll
0x00007ff8f18b0000 - 0x00007ff8f1921000 	C:\Windows\System32\WS2_32.dll
0x00007ff8de950000 - 0x00007ff8de984000 	C:\Windows\SYSTEM32\WINMM.dll
0x00007ff8ef070000 - 0x00007ff8ef0bd000 	C:\Windows\SYSTEM32\POWRPROF.dll
0x00007ff8e6c90000 - 0x00007ff8e6c9a000 	C:\Windows\SYSTEM32\VERSION.dll
0x00007ff8ef050000 - 0x00007ff8ef063000 	C:\Windows\SYSTEM32\UMPDC.dll
0x00007ff8ee210000 - 0x00007ff8ee228000 	C:\Windows\SYSTEM32\kernel.appcore.dll
0x00007ff8eb570000 - 0x00007ff8eb57a000 	C:\Users\vu.phamtuan\.jdks\openjdk-26.0.1\bin\jimage.dll
0x00007ff8def80000 - 0x00007ff8df1b3000 	C:\Windows\SYSTEM32\DBGHELP.DLL
0x00007ff8f1a20000 - 0x00007ff8f1db1000 	C:\Windows\System32\combase.dll
0x00007ff8f0c70000 - 0x00007ff8f0d48000 	C:\Windows\System32\OLEAUT32.dll
0x00007ff8d0800000 - 0x00007ff8d0832000 	C:\Windows\SYSTEM32\dbgcore.DLL
0x00007ff8efb00000 - 0x00007ff8efb7b000 	C:\Windows\System32\bcryptPrimitives.dll
0x00007ff8d4d90000 - 0x00007ff8d4daf000 	C:\Users\vu.phamtuan\.jdks\openjdk-26.0.1\bin\java.dll
0x00007ff8f1700000 - 0x00007ff8f18a1000 	C:\Windows\System32\ole32.dll
0x00007ff8f0e60000 - 0x00007ff8f16fc000 	C:\Windows\System32\SHELL32.dll
0x00007ff8ef910000 - 0x00007ff8efa4f000 	C:\Windows\System32\wintypes.dll
0x00007ff8ed050000 - 0x00007ff8ed96a000 	C:\Windows\SYSTEM32\windows.storage.dll
0x00007ff8f00a0000 - 0x00007ff8f01a4000 	C:\Windows\System32\SHCORE.dll
0x00007ff8f0a70000 - 0x00007ff8f0ad9000 	C:\Windows\System32\shlwapi.dll
0x00007ff8ef280000 - 0x00007ff8ef2a5000 	C:\Windows\SYSTEM32\profapi.dll
0x00007ff8d4be0000 - 0x00007ff8d4bf2000 	C:\Users\vu.phamtuan\.jdks\openjdk-26.0.1\bin\net.dll
0x00007ff8ee800000 - 0x00007ff8ee869000 	C:\Windows\system32\mswsock.dll
0x00007ff8d2b60000 - 0x00007ff8d2b76000 	C:\Users\vu.phamtuan\.jdks\openjdk-26.0.1\bin\nio.dll
0x00007ff8d25d0000 - 0x00007ff8d25e7000 	C:\Users\vu.phamtuan\.jdks\openjdk-26.0.1\bin\zip.dll
0x00007ff8cb770000 - 0x00007ff8cb794000 	C:\Users\vu.phamtuan\.m2\wrapper\dists\apache-maven-3.9.16\0daed3be3ebd1c706f0e69e8b07c6b73f5cc4ea3dfce72a8d0ec2e849ca2ddb0\lib\jansi-native\Windows\x86_64\jansi.dll
0x00007ff8e8a20000 - 0x00007ff8e8a30000 	C:\Users\vu.phamtuan\.jdks\openjdk-26.0.1\bin\verify.dll
0x00007ff8ee450000 - 0x00007ff8ee484000 	C:\Windows\SYSTEM32\ntmarta.dll
0x00007ff8eeb00000 - 0x00007ff8eeb1b000 	C:\Windows\SYSTEM32\CRYPTSP.dll
0x00007ff8ee170000 - 0x00007ff8ee1a7000 	C:\Windows\system32\rsaenh.dll
0x00007ff8ee8a0000 - 0x00007ff8ee8c8000 	C:\Windows\SYSTEM32\USERENV.dll
0x00007ff8eeae0000 - 0x00007ff8eeaec000 	C:\Windows\SYSTEM32\CRYPTBASE.dll
0x00007ff8edac0000 - 0x00007ff8edaed000 	C:\Windows\SYSTEM32\IPHLPAPI.DLL
0x00007ff8f0c20000 - 0x00007ff8f0c29000 	C:\Windows\System32\NSI.dll

JVMTI agents: none

dbghelp: loaded successfully - version: 4.0.5 - missing functions: none
symbol engine: initialized successfully - sym options: 0x614 - pdb path: .;C:\Users\vu.phamtuan\.jdks\openjdk-26.0.1\bin;C:\Windows\SYSTEM32;C:\Windows\WinSxS\amd64_microsoft.windows.common-controls_6595b64144ccf1df_6.0.22621.6060_none_2712eda17382d24b;C:\Users\vu.phamtuan\.jdks\openjdk-26.0.1\bin\server;C:\Users\vu.phamtuan\.m2\wrapper\dists\apache-maven-3.9.16\0daed3be3ebd1c706f0e69e8b07c6b73f5cc4ea3dfce72a8d0ec2e849ca2ddb0\lib\jansi-native\Windows\x86_64

VM Arguments:
jvm_args: --enable-native-access=ALL-UNNAMED -Dfile.encoding=UTF-8 -Dclassworlds.conf=C:\Users\vu.phamtuan\.m2\wrapper\dists\apache-maven-3.9.16\0daed3be3ebd1c706f0e69e8b07c6b73f5cc4ea3dfce72a8d0ec2e849ca2ddb0\bin\m2.conf -Dmaven.home=C:\Users\vu.phamtuan\.m2\wrapper\dists\apache-maven-3.9.16\0daed3be3ebd1c706f0e69e8b07c6b73f5cc4ea3dfce72a8d0ec2e849ca2ddb0 -Dlibrary.jansi.path=C:\Users\vu.phamtuan\.m2\wrapper\dists\apache-maven-3.9.16\0daed3be3ebd1c706f0e69e8b07c6b73f5cc4ea3dfce72a8d0ec2e849ca2ddb0\lib\jansi-native -Dmaven.multiModuleProjectDirectory=D:\Code\crm\crm 
java_command: org.codehaus.plexus.classworlds.launcher.Launcher -Didea.version=2026.2.0.1 -Dmaven.ext.class.path=C:\Users\vu.phamtuan\AppData\Local\Programs\IntelliJ IDEA\plugins\maven-plugin\lib\intellij.maven.rt\maven-event-listener.jar -Djansi.passthrough=true -Dstyle.color=always -Dmaven.repo.local=C:\Users\vu.phamtuan\.m2\repository install -f pom.xml
java_class_path (initial): C:\Users\vu.phamtuan\.m2\wrapper\dists\apache-maven-3.9.16\0daed3be3ebd1c706f0e69e8b07c6b73f5cc4ea3dfce72a8d0ec2e849ca2ddb0\boot\plexus-classworlds-2.11.0.jar
Launcher Type: SUN_STANDARD

[Global flags]
     bool AOTAdapterCaching                        = false                                  {diagnostic} {ergonomic}
     bool AOTInvokeDynamicLinking                  = false                                  {diagnostic} {ergonomic}
     bool AOTRecordTraining                        = false                                  {diagnostic} {ergonomic}
     bool AOTReplayTraining                        = false                                  {diagnostic} {ergonomic}
     bool AOTStubCaching                           = false                                  {diagnostic} {ergonomic}
     intx CICompilerCount                          = 4                                         {product} {ergonomic}
     uint ConcGCThreads                            = 3                                         {product} {ergonomic}
     uint G1ConcRefinementThreads                  = 10                                        {product} {ergonomic}
     uint G1EagerReclaimRemSetThreshold            = 16                                   {experimental} {ergonomic}
   size_t G1HeapRegionSize                         = 2097152                                   {product} {ergonomic}
     uint G1RemSetArrayOfCardsEntries              = 16                                   {experimental} {ergonomic}
     uint G1RemSetHowlMaxNumBuckets                = 8                                    {experimental} {ergonomic}
     uint G1RemSetHowlNumBuckets                   = 8                                    {experimental} {ergonomic}
   size_t InitialHeapSize                          = 8388608                                   {product} {ergonomic}
     bool IntelJccErratumMitigation                = true                              {ARCH diagnostic} {ergonomic}
   size_t MarkStackSize                            = 4194304                                   {product} {ergonomic}
   size_t MarkStackSizeMax                         = 536870912                                 {product} {ergonomic}
   size_t MaxHeapSize                              = 4261412864                                {product} {ergonomic}
   size_t MaxNewSize                               = 2556428288                                {product} {ergonomic}
 uint64_t MaxRAM                                   = 17045487616                               {product} {ergonomic}
   size_t MinHeapDeltaBytes                        = 2097152                                   {product} {ergonomic}
   size_t MinHeapSize                              = 8388608                                   {product} {ergonomic}
   size_t NonNMethodCodeHeapSize                   = 5898240                                {pd product} {ergonomic}
   size_t NonProfiledCodeHeapSize                  = 122945536                              {pd product} {ergonomic}
   size_t ProfiledCodeHeapSize                     = 122945536                              {pd product} {ergonomic}
   size_t ReservedCodeCacheSize                    = 251789312                              {pd product} {ergonomic}
     bool SegmentedCodeCache                       = true                                      {product} {ergonomic}
   size_t SoftMaxHeapSize                          = 4261412864                             {manageable} {ergonomic}
     bool UseCompressedOops                        = true                           {product lp64_product} {ergonomic}
     bool UseCondCardMark                          = true                                      {product} {ergonomic}
     bool UseFastUnorderedTimeStamps               = true                                 {experimental} {ergonomic}
     bool UseG1GC                                  = true                                      {product} {ergonomic}
     bool UseLargePagesIndividualAllocation        = false                                  {pd product} {ergonomic}
      int X86ICacheSync                            = 2                                 {ARCH diagnostic} {ergonomic}

Logging:
Log output configuration:
 #0: stdout all=warning uptime,level,tags foldmultilines=false
 #1: stderr all=off uptime,level,tags foldmultilines=false

Release file:
IMPLEMENTOR="Oracle Corporation" 
JAVA_RUNTIME_VERSION="26.0.1+8-34" 
JAVA_VERSION="26.0.1" 
JAVA_VERSION_DATE="2026-04-21" 
LIBC="default" 
MODULES="java.base java.compiler java.datatransfer java.xml java.prefs java.desktop java.instrument java.logging java.management java.security.sasl java.naming java.rmi java.management.rmi java.net.http java.scripting java.security.jgss java.transaction.xa java.sql java.sql.rowset java.xml.crypto java.se java.smartcardio jdk.accessibility jdk.internal.jvmstat jdk.attach jdk.charsets jdk.internal.opt jdk.zipfs jdk.compiler jdk.crypto.cryptoki jdk.crypto.ec jdk.crypto.mscapi jdk.dynalink jdk.internal.ed jdk.editpad jdk.internal.vm.ci jdk.graal.compiler jdk.graal.compiler.management jdk.hotspot.agent jdk.httpserver jdk.incubator.vector jdk.internal.le jdk.internal.md jdk.jartool jdk.javadoc jdk.jcmd jdk.management jdk.management.agent jdk.jconsole jdk.jdeps jdk.jdwp.agent jdk.jdi jdk.jfr jdk.jlink jdk.jpackage jdk.jshell jdk.jstatd jdk.localedata jdk.management.jfr jdk.naming.dns jdk.naming.rmi jdk.net jdk.nio.mapmode jdk.sctp jdk.security.auth jdk.security.jgss jdk.unsupported jdk.unsupported.desktop jdk.xml.dom" 
OS_ARCH="x86_64" 
OS_NAME="Windows" 
SOURCE=".:git:fcc00fc4aee7" 

Environment Variables:
JAVA_HOME=C:\Users\vu.phamtuan\.jdks\openjdk-26.0.1
PATH=C:\Program Files\Eclipse Adoptium\jdk-25.0.3.9-hotspot\bin;C:\Python313\Scripts\;C:\Python313\;C:\Windows\system32;C:\Windows;C:\Windows\System32\Wbem;C:\Windows\System32\WindowsPowerShell\v1.0\;C:\Windows\System32\OpenSSH\;C:\Program Files\Git\cmd;C:\ProgramData\nodejs\;C:\ProgramData\chocolatey\bin;C:\Users\vu.phamtuan\AppData\Local\Microsoft\WindowsApps;C:\Users\vu.phamtuan\AppData\Local\Programs\Microsoft VS Code\bin;C:\Users\vu.phamtuan\AppData\Local\Programs\Gpg4win\..\GnuPG\bin;C:\Users\vu.phamtuan\AppData\Local\Microsoft\WinGet\Packages\BurntSushi.ripgrep.MSVC_Microsoft.Winget.Source_8wekyb3d8bbwe\ripgrep-15.1.0-x86_64-pc-windows-msvc;C:\Users\vu.phamtuan\AppData\Roaming\npm;C:\Users\vu.phamtuan\AppData\Local\JetBrains\Toolbox\scripts;C:\Users\vu.phamtuan\AppData\Local\Programs\Antigravity IDE\bin
USERNAME=vu.phamtuan
OS=Windows_NT
PROCESSOR_IDENTIFIER=Intel64 Family 6 Model 158 Stepping 10, GenuineIntel
TMP=C:\Users\VU907F~1.PHA\AppData\Local\Temp
TEMP=C:\Users\VU907F~1.PHA\AppData\Local\Temp




Compilation memory statistics disabled.

Periodic native trim disabled

---------------  S Y S T E M  ---------------

OS:
 Windows 11 , 64 bit Build 22621 (10.0.22621.5415)
OS uptime: 22 days 16:53 hours
Hyper-V role detected

CPU: total 12 (initial active 12) (6 cores per cpu, 2 threads per core) family 6 model 158 stepping 10 microcode 0xde, cx8, cmov, fxsr, ht, mmx, 3dnowpref, sse, sse2, sse3, ssse3, sse4.1, sse4.2, popcnt, lzcnt, tsc, tscinvbit, avx, avx2, aes, erms, clmul, bmi1, bmi2, rtm, adx, fma, vzeroupper, clflush, clflushopt, hv, rdtscp, f16c
Processor Information for the first 12 processors :
  Max Mhz: 3192, Current Mhz: 3192, Mhz Limit: 3192

Memory: 4k page, system-wide physical 16255M (278M free)
TotalPageFile size 45678M (AvailPageFile size 2M)
current process WorkingSet (physical memory assigned to process): 502M, peak: 506M
current process commit charge ("private bytes"): 540M, peak: 578M

vm_info: OpenJDK 64-Bit Server VM (26.0.1+8-34) for windows-amd64 JRE (26.0.1+8-34), built on 2026-03-10T17:24:10Z with MS VC++ 17.13 (VS2022)

END.
