#
# There is insufficient memory for the Java Runtime Environment to continue.
# Native memory allocation (mmap) failed to map 8388608 bytes. Error detail: G1 virtual space
# Possible reasons:
#   The system is out of physical RAM or swap space
#   This process is running with CompressedOops enabled, and the Java Heap may be blocking the growth of the native heap
# Possible solutions:
#   Reduce memory load on the system
#   Increase physical memory or swap space
#   Check if swap backing store is full
#   Decrease Java heap size (-Xmx/-Xms)
#   Decrease number of Java threads
#   Decrease Java thread stack sizes (-Xss)
#   Set larger code cache with -XX:ReservedCodeCacheSize=
#   JVM is running with Zero Based Compressed Oops mode in which the Java heap is
#     placed in the first 32GB address space. The Java Heap base address is the
#     maximum limit for the native heap growth. Please use -XX:HeapBaseMinAddress
#     to set the Java Heap base and to place the Java Heap above 32GB virtual address.
# This output file may be truncated or incomplete.
#
#  Out of Memory Error (os_windows.cpp:3583), pid=12920, tid=23744
#
# JRE version:  (26.0.1+8) (build )
# Java VM: OpenJDK 64-Bit Server VM (26.0.1+8-34, mixed mode, sharing, tiered, compressed oops, compressed class ptrs, g1 gc, windows-amd64)
# No core dump will be written. Minidumps are not enabled by default on client versions of Windows
#

---------------  S U M M A R Y ------------

Command Line: -Dnet.bytebuddy.agent.attacher.dump= net.bytebuddy.agent.Attacher com.sun.tools.attach.VirtualMachine 35452 C:\Users\vu.phamtuan\.m2\repository\net\bytebuddy\byte-buddy-agent\1.17.8\byte-buddy-agent-1.17.8.jar false 

Host: Intel(R) Core(TM) i7-8700 CPU @ 3.20GHz, 12 cores, 15G,  Windows 11 , 64 bit Build 22621 (10.0.22621.5415)
Time: Mon Aug 10 11:24:41 2026 SE Asia Standard Time elapsed time: 0.014963 seconds (0d 0h 0m 0s)

---------------  T H R E A D  ---------------

Current thread (0x00000174e13cf9a0):  JavaThread "Unknown thread" [_thread_in_vm, id=23744, stack(0x0000006550200000,0x0000006550300000) (1024K)]

Stack: [0x0000006550200000,0x0000006550300000]
Native frames: (J=compiled Java code, j=interpreted, Vv=VM code, C=native code)
V  [jvm.dll+0x7d5879]  (no source info available)
V  [jvm.dll+0x7a37dd]  (no source info available)
V  [jvm.dll+0x9b0c10]  (no source info available)
V  [jvm.dll+0x9b3061]  (no source info available)
V  [jvm.dll+0x9b3773]  (no source info available)
V  [jvm.dll+0x30df76]  (no source info available)
V  [jvm.dll+0x7d4d45]  (no source info available)
V  [jvm.dll+0x7c7f07]  (no source info available)
V  [jvm.dll+0x4087e8]  (no source info available)
V  [jvm.dll+0x410b56]  (no source info available)
V  [jvm.dll+0x3fcef4]  (no source info available)
V  [jvm.dll+0x3fd1e5]  (no source info available)
V  [jvm.dll+0x3d3b6f]  (no source info available)
V  [jvm.dll+0x3d49bd]  (no source info available)
V  [jvm.dll+0x975db9]  (no source info available)
V  [jvm.dll+0x46dd12]  (no source info available)
V  [jvm.dll+0x958e5f]  (no source info available)
V  [jvm.dll+0x511191]  (no source info available)
V  [jvm.dll+0x512c51]  (no source info available)
C  [jli.dll+0x549a]  (no source info available)
C  [ucrtbase.dll+0x29333]  (no source info available)
C  [KERNEL32.DLL+0x1259d]  (no source info available)
C  [ntdll.dll+0x5af78]  (no source info available)

Lock stack of current Java thread (top to bottom):


---------------  P R O C E S S  ---------------

Threads class SMR info:
_java_thread_list=0x00007ff867f36298, length=0, elements={
}

Java Threads: ( => current thread )
Total: 0

Other Threads:
  0x00000174e375b600 WorkerThread "GC Thread#0"                     [id=8032, stack(0x0000006550300000,0x0000006550400000) (1024K)]
  0x00000174e37743c0 ConcurrentGCThread "G1 Main Marker"            [id=19072, stack(0x0000006550400000,0x0000006550500000) (1024K)]
  0x00000174e3775860 WorkerThread "G1 Conc#0"                       [id=30736, stack(0x0000006550500000,0x0000006550600000) (1024K)]

[error occurred during error reporting (printing all threads), id 0xc0000005, EXCEPTION_ACCESS_VIOLATION (0xc0000005) at pc=0x00007ff8675c968a]
VM state: not at safepoint (not fully initialized)

VM Mutex/Monitor currently owned by a thread:  ([mutex/lock_event])
[0x00007ff867fbef88] Heap_lock - owner thread: 0x00000174e13cf9a0

Heap address: 0x0000000702000000, size: 4064 MB, Compressed Oops mode: Zero based, Oop shift amount: 3

CDS archive(s) mapped at: [0x0000000000000000-0x0000000000000000-0x0000000000000000), size 0, SharedBaseAddress: 0x0000000800000000, ArchiveRelocationMode: 1.
UseCompressedClassPointers 1, UseCompactObjectHeaders 0
Narrow klass pointer bits 32, Max shift 3
Narrow klass base: 0xffffffffffffffff, Narrow klass shift: -1
Encoding Range: [0xffffffffffffffff - 0x000000007fffffff), (2147483648 bytes)
Klass Range:    [0x0000000000000000 - 0x0000000000000000), (0 bytes)
Klass ID Range:  [4294967295 - 0) (1)
No protection zone.

GC Precious Log:
 CardTable entry size: 512
 Card Set container configuration: InlinePtr #cards 4 size 8 Array Of Cards #cards 16 size 48 Howl #buckets 8 coarsen threshold 3686 Howl Bitmap #cards 512 size 80 coarsen threshold 460 Card regions per heap region 1 cards per card region 4096

Heap:
 garbage-first heap   total reserved 4161536K, committed 0K, used 0K [0x0000000702000000, 0x0000000800000000)
  region size 2M, 0 eden (0M), 0 survivor (0M), 0 old (0M), 0 humongous (0M), 0 free (0M)

Heap Regions: E=young(eden), S=young(survivor), O=old, HS=humongous(starts), HC=humongous(continues), CS=collection set, F=free, TAMS=top-at-mark-start, PB=parsable bottom

Card table byte_map: [0x00000174fc110000,0x00000174fc900000] _byte_map_base: 0x00000174f8900000
Refinement table byte_map: [0x00000174fc900000,0x00000174fd0f0000] _byte_map_base: 0x00000174f90f0000

Marking Bits: (CMBitMap*) 0x00000174e375bd80
 Bits: [0x0000017480000000, 0x0000017483f80000)

GC Heap Usage History (0 events):
No events

Metaspace Usage History (0 events):
No events

Dll operation events (2 events):
Event: 0.007 Attempting to load shared library C:\Users\vu.phamtuan\.jdks\openjdk-26.0.1\bin\java.dll
Event: 0.009 Loaded shared library C:\Users\vu.phamtuan\.jdks\openjdk-26.0.1\bin\java.dll

Deoptimization events (0 events):
No events

Classes loaded (0 events):
No events

Classes unloaded (0 events):
No events

Classes redefined (0 events):
No events

Internal exceptions (0 events):
No events

VM Operations (0 events):
No events

Memory protections (0 events):
No events

Nmethod flushes (0 events):
No events

Events (0 events):
No events


Dynamic libraries:
0x00007ff7f97f0000 - 0x00007ff7f97fe000 	C:\Users\vu.phamtuan\.jdks\openjdk-26.0.1\bin\java.exe
0x00007ff8f2270000 - 0x00007ff8f2488000 	C:\Windows\SYSTEM32\ntdll.dll
0x00007ff8f09a0000 - 0x00007ff8f0a64000 	C:\Windows\System32\KERNEL32.DLL
0x00007ff8ef470000 - 0x00007ff8ef843000 	C:\Windows\System32\KERNELBASE.dll
0x00007ff8efb80000 - 0x00007ff8efc91000 	C:\Windows\System32\ucrtbase.dll
0x00007ff8def40000 - 0x00007ff8def57000 	C:\Users\vu.phamtuan\.jdks\openjdk-26.0.1\bin\jli.dll
0x00007ff8def20000 - 0x00007ff8def3e000 	C:\Users\vu.phamtuan\.jdks\openjdk-26.0.1\bin\VCRUNTIME140.dll
0x00007ff8f0680000 - 0x00007ff8f0832000 	C:\Windows\System32\USER32.dll
0x00007ff8de4d0000 - 0x00007ff8de76c000 	C:\Windows\WinSxS\amd64_microsoft.windows.common-controls_6595b64144ccf1df_6.0.22621.6060_none_2712eda17382d24b\COMCTL32.dll
0x00007ff8efad0000 - 0x00007ff8efaf6000 	C:\Windows\System32\win32u.dll
0x00007ff8f0ae0000 - 0x00007ff8f0b87000 	C:\Windows\System32\msvcrt.dll
0x00007ff8f19f0000 - 0x00007ff8f1a19000 	C:\Windows\System32\GDI32.dll
0x00007ff8ef350000 - 0x00007ff8ef46b000 	C:\Windows\System32\gdi32full.dll
0x00007ff8efe40000 - 0x00007ff8efeda000 	C:\Windows\System32\msvcp_win.dll
0x00007ff8f0c30000 - 0x00007ff8f0c61000 	C:\Windows\System32\IMM32.DLL
0x00007ff8d5f20000 - 0x00007ff8d5f2c000 	C:\Users\vu.phamtuan\.jdks\openjdk-26.0.1\bin\vcruntime140_1.dll
0x00007ff8d1570000 - 0x00007ff8d15fd000 	C:\Users\vu.phamtuan\.jdks\openjdk-26.0.1\bin\msvcp140.dll
0x00007ff8671e0000 - 0x00007ff8680ae000 	C:\Users\vu.phamtuan\.jdks\openjdk-26.0.1\bin\server\jvm.dll
0x00007ff8f1930000 - 0x00007ff8f19e1000 	C:\Windows\System32\ADVAPI32.dll
0x00007ff8f1dd0000 - 0x00007ff8f1e78000 	C:\Windows\System32\sechost.dll
0x00007ff8efca0000 - 0x00007ff8efcc8000 	C:\Windows\System32\bcrypt.dll
0x00007ff8eff00000 - 0x00007ff8f0018000 	C:\Windows\System32\RPCRT4.dll
0x00007ff8f18b0000 - 0x00007ff8f1921000 	C:\Windows\System32\WS2_32.dll
0x00007ff8ef070000 - 0x00007ff8ef0bd000 	C:\Windows\SYSTEM32\POWRPROF.dll
0x00007ff8de950000 - 0x00007ff8de984000 	C:\Windows\SYSTEM32\WINMM.dll
0x00007ff8e6c90000 - 0x00007ff8e6c9a000 	C:\Windows\SYSTEM32\VERSION.dll
0x00007ff8ef050000 - 0x00007ff8ef063000 	C:\Windows\SYSTEM32\UMPDC.dll
0x00007ff8ee210000 - 0x00007ff8ee228000 	C:\Windows\SYSTEM32\kernel.appcore.dll
0x00007ff8d5bc0000 - 0x00007ff8d5bca000 	C:\Users\vu.phamtuan\.jdks\openjdk-26.0.1\bin\jimage.dll
0x00007ff8def80000 - 0x00007ff8df1b3000 	C:\Windows\SYSTEM32\DBGHELP.DLL
0x00007ff8f1a20000 - 0x00007ff8f1db1000 	C:\Windows\System32\combase.dll
0x00007ff8f0c70000 - 0x00007ff8f0d48000 	C:\Windows\System32\OLEAUT32.dll
0x00007ff8d0800000 - 0x00007ff8d0832000 	C:\Windows\SYSTEM32\dbgcore.DLL
0x00007ff8efb00000 - 0x00007ff8efb7b000 	C:\Windows\System32\bcryptPrimitives.dll
0x00007ff8d5890000 - 0x00007ff8d58af000 	C:\Users\vu.phamtuan\.jdks\openjdk-26.0.1\bin\java.dll
0x00007ff8f1700000 - 0x00007ff8f18a1000 	C:\Windows\System32\ole32.dll
0x00007ff8f0e60000 - 0x00007ff8f16fc000 	C:\Windows\System32\SHELL32.dll
0x00007ff8ef910000 - 0x00007ff8efa4f000 	C:\Windows\System32\wintypes.dll

JVMTI agents: none

dbghelp: loaded successfully - version: 4.0.5 - missing functions: none
symbol engine: initialized successfully - sym options: 0x614 - pdb path: .;C:\Users\vu.phamtuan\.jdks\openjdk-26.0.1\bin;C:\Windows\SYSTEM32;C:\Windows\WinSxS\amd64_microsoft.windows.common-controls_6595b64144ccf1df_6.0.22621.6060_none_2712eda17382d24b;C:\Users\vu.phamtuan\.jdks\openjdk-26.0.1\bin\server

VM Arguments:
jvm_args: -Dnet.bytebuddy.agent.attacher.dump= 
java_command: net.bytebuddy.agent.Attacher com.sun.tools.attach.VirtualMachine 35452 C:\Users\vu.phamtuan\.m2\repository\net\bytebuddy\byte-buddy-agent\1.17.8\byte-buddy-agent-1.17.8.jar false 
java_class_path (initial): C:\Users\vu.phamtuan\.m2\repository\net\bytebuddy\byte-buddy-agent\1.17.8\byte-buddy-agent-1.17.8.jar
Launcher Type: SUN_STANDARD

[Global flags]
     bool AOTAdapterCaching                        = false                                  {diagnostic} {ergonomic}
     bool AOTInvokeDynamicLinking                  = false                                  {diagnostic} {ergonomic}
     bool AOTRecordTraining                        = false                                  {diagnostic} {ergonomic}
     bool AOTReplayTraining                        = false                                  {diagnostic} {ergonomic}
     bool AOTStubCaching                           = false                                  {diagnostic} {ergonomic}
     intx CICompilerCount                          = 4                                         {product} {ergonomic}
     uint ConcGCThreads                            = 3                                         {product} {ergonomic}
     uint G1ConcRefinementThreads                  = 10                                        {product} {ergonomic}
     uint G1EagerReclaimRemSetThreshold            = 16                                   {experimental} {ergonomic}
   size_t G1HeapRegionSize                         = 2097152                                   {product} {ergonomic}
     uint G1RemSetArrayOfCardsEntries              = 16                                   {experimental} {ergonomic}
     uint G1RemSetHowlMaxNumBuckets                = 8                                    {experimental} {ergonomic}
     uint G1RemSetHowlNumBuckets                   = 8                                    {experimental} {ergonomic}
   size_t InitialHeapSize                          = 8388608                                   {product} {ergonomic}
     bool IntelJccErratumMitigation                = true                              {ARCH diagnostic} {ergonomic}
   size_t MarkStackSize                            = 4194304                                   {product} {ergonomic}
   size_t MarkStackSizeMax                         = 536870912                                 {product} {ergonomic}
   size_t MaxHeapSize                              = 4261412864                                {product} {ergonomic}
 uint64_t MaxRAM                                   = 17045487616                               {product} {ergonomic}
   size_t MinHeapDeltaBytes                        = 2097152                                   {product} {ergonomic}
   size_t MinHeapSize                              = 8388608                                   {product} {ergonomic}
   size_t NonNMethodCodeHeapSize                   = 5898240                                {pd product} {ergonomic}
   size_t NonProfiledCodeHeapSize                  = 122945536                              {pd product} {ergonomic}
   size_t ProfiledCodeHeapSize                     = 122945536                              {pd product} {ergonomic}
   size_t ReservedCodeCacheSize                    = 251789312                              {pd product} {ergonomic}
     bool SegmentedCodeCache                       = true                                      {product} {ergonomic}
   size_t SoftMaxHeapSize                          = 4261412864                             {manageable} {ergonomic}
     bool UseCompressedOops                        = true                           {product lp64_product} {ergonomic}
     bool UseCondCardMark                          = true                                      {product} {ergonomic}
     bool UseFastUnorderedTimeStamps               = true                                 {experimental} {ergonomic}
     bool UseG1GC                                  = true                                      {product} {ergonomic}
     bool UseLargePagesIndividualAllocation        = false                                  {pd product} {ergonomic}
      int X86ICacheSync                            = 2                                 {ARCH diagnostic} {ergonomic}

Logging:
Log output configuration:
 #0: stdout all=warning uptime,level,tags foldmultilines=false
 #1: stderr all=off uptime,level,tags foldmultilines=false

Release file:
<release file has not been read>
Environment Variables:
JAVA_HOME=C:\Users\vu.phamtuan\.jdks\openjdk-26.0.1
PATH=C:\Program Files\Eclipse Adoptium\jdk-25.0.3.9-hotspot\bin;C:\Python313\Scripts\;C:\Python313\;C:\Windows\system32;C:\Windows;C:\Windows\System32\Wbem;C:\Windows\System32\WindowsPowerShell\v1.0\;C:\Windows\System32\OpenSSH\;C:\Program Files\Git\cmd;C:\ProgramData\nodejs\;C:\ProgramData\chocolatey\bin;C:\Users\vu.phamtuan\AppData\Local\Microsoft\WindowsApps;C:\Users\vu.phamtuan\AppData\Local\Programs\Microsoft VS Code\bin;C:\Users\vu.phamtuan\AppData\Local\Programs\Gpg4win\..\GnuPG\bin;C:\Users\vu.phamtuan\AppData\Local\Microsoft\WinGet\Packages\BurntSushi.ripgrep.MSVC_Microsoft.Winget.Source_8wekyb3d8bbwe\ripgrep-15.1.0-x86_64-pc-windows-msvc;C:\Users\vu.phamtuan\AppData\Roaming\npm;C:\Users\vu.phamtuan\AppData\Local\JetBrains\Toolbox\scripts
USERNAME=vu.phamtuan
OS=Windows_NT
PROCESSOR_IDENTIFIER=Intel64 Family 6 Model 158 Stepping 10, GenuineIntel
TMP=C:\Users\VU907F~1.PHA\AppData\Local\Temp
TEMP=C:\Users\VU907F~1.PHA\AppData\Local\Temp




Compilation memory statistics disabled.

Periodic native trim disabled

---------------  S Y S T E M  ---------------

OS:
 Windows 11 , 64 bit Build 22621 (10.0.22621.5415)
OS uptime: 19 days 19:47 hours
Hyper-V role detected

CPU: total 12 (initial active 12) (6 cores per cpu, 2 threads per core) family 6 model 158 stepping 10 microcode 0xde, cx8, cmov, fxsr, ht, mmx, 3dnowpref, sse, sse2, sse3, ssse3, sse4.1, sse4.2, popcnt, lzcnt, tsc, tscinvbit, avx, avx2, aes, erms, clmul, bmi1, bmi2, rtm, adx, fma, vzeroupper, clflush, clflushopt, hv, rdtscp, f16c
Processor Information for the first 12 processors :
  Max Mhz: 3192, Current Mhz: 3192, Mhz Limit: 3192

Memory: 4k page, system-wide physical 16255M (1286M free)
TotalPageFile size 45678M (AvailPageFile size 49M)
current process WorkingSet (physical memory assigned to process): 12M, peak: 12M
current process commit charge ("private bytes"): 64M, peak: 72M

vm_info: OpenJDK 64-Bit Server VM (26.0.1+8-34) for windows-amd64 JRE (26.0.1+8-34), built on 2026-03-10T17:24:10Z with MS VC++ 17.13 (VS2022)

END.
